Component: ARM Compiler 5.06 update 3 (build 300) Tool: armlink [4d35c9]

==============================================================================

Section Cross References

    stm32f4xx_it.o(i.OTG_FS_IRQHandler) refers to stm32f4xx_hal_hcd.o(i.HAL_HCD_IRQHandler) for HAL_HCD_IRQHandler
    stm32f4xx_it.o(i.OTG_FS_IRQHandler) refers to usbh_conf.o(.bss) for hhcd_USB_OTG_FS
    stm32f4xx_it.o(i.SysTick_Handler) refers to stm32f4xx_hal.o(i.HAL_IncTick) for HAL_IncTick
    stm32f4xx_it.o(i.SysTick_Handler) refers to stm32f4xx_hal_cortex.o(i.HAL_SYSTICK_IRQHandler) for HAL_SYSTICK_IRQHandler
    stm32f4xx_hal_msp.o(i.HAL_MspInit) refers to stm32f4xx_hal_cortex.o(i.HAL_NVIC_SetPriorityGrouping) for HAL_NVIC_SetPriorityGrouping
    stm32f4xx_hal_msp.o(i.HAL_MspInit) refers to stm32f4xx_hal_cortex.o(i.HAL_NVIC_SetPriority) for HAL_NVIC_SetPriority
    main.o(i.MX_GPIO_Init) refers to stm32f4xx_hal_gpio.o(i.HAL_GPIO_WritePin) for HAL_GPIO_WritePin
    main.o(i.MX_GPIO_Init) refers to stm32f4xx_hal_gpio.o(i.HAL_GPIO_Init) for HAL_GPIO_Init
    main.o(i.SystemClock_Config) refers to stm32f4xx_hal_rcc.o(i.HAL_RCC_OscConfig) for HAL_RCC_OscConfig
    main.o(i.SystemClock_Config) refers to stm32f4xx_hal_rcc.o(i.HAL_RCC_ClockConfig) for HAL_RCC_ClockConfig
    main.o(i.SystemClock_Config) refers to stm32f4xx_hal_rcc.o(i.HAL_RCC_GetHCLKFreq) for HAL_RCC_GetHCLKFreq
    main.o(i.SystemClock_Config) refers to stm32f4xx_hal_cortex.o(i.HAL_SYSTICK_Config) for HAL_SYSTICK_Config
    main.o(i.SystemClock_Config) refers to stm32f4xx_hal_cortex.o(i.HAL_SYSTICK_CLKSourceConfig) for HAL_SYSTICK_CLKSourceConfig
    main.o(i.SystemClock_Config) refers to stm32f4xx_hal_cortex.o(i.HAL_NVIC_SetPriority) for HAL_NVIC_SetPriority
    main.o(i.main) refers to stm32f4xx_hal.o(i.HAL_Init) for HAL_Init
    main.o(i.main) refers to main.o(i.SystemClock_Config) for SystemClock_Config
    main.o(i.main) refers to main.o(i.MX_GPIO_Init) for MX_GPIO_Init
    main.o(i.main) refers to fatfs.o(i.MX_FATFS_Init) for MX_FATFS_Init
    main.o(i.main) refers to usb_host.o(i.MX_USB_HOST_Init) for MX_USB_HOST_Init
    main.o(i.main) refers to usb_host.o(i.MX_USB_HOST_Process) for MX_USB_HOST_Process
    fatfs.o(i.MX_FATFS_Init) refers to ff_gen_drv.o(i.FATFS_LinkDriver) for FATFS_LinkDriver
    fatfs.o(i.MX_FATFS_Init) refers to fatfs.o(.data) for .data
    fatfs.o(i.MX_FATFS_Init) refers to usbh_diskio.o(.constdata) for USBH_Driver
    usbh_conf.o(i.HAL_HCD_Connect_Callback) refers to usbh_core.o(i.USBH_LL_Connect) for USBH_LL_Connect
    usbh_conf.o(i.HAL_HCD_Disconnect_Callback) refers to usbh_core.o(i.USBH_LL_Disconnect) for USBH_LL_Disconnect
    usbh_conf.o(i.HAL_HCD_MspDeInit) refers to stm32f4xx_hal_gpio.o(i.HAL_GPIO_DeInit) for HAL_GPIO_DeInit
    usbh_conf.o(i.HAL_HCD_MspDeInit) refers to stm32f4xx_hal_cortex.o(i.HAL_NVIC_DisableIRQ) for HAL_NVIC_DisableIRQ
    usbh_conf.o(i.HAL_HCD_MspInit) refers to stm32f4xx_hal_gpio.o(i.HAL_GPIO_Init) for HAL_GPIO_Init
    usbh_conf.o(i.HAL_HCD_MspInit) refers to stm32f4xx_hal_cortex.o(i.HAL_NVIC_SetPriority) for HAL_NVIC_SetPriority
    usbh_conf.o(i.HAL_HCD_MspInit) refers to stm32f4xx_hal_cortex.o(i.HAL_NVIC_EnableIRQ) for HAL_NVIC_EnableIRQ
    usbh_conf.o(i.HAL_HCD_SOF_Callback) refers to usbh_core.o(i.USBH_LL_IncTimer) for USBH_LL_IncTimer
    usbh_conf.o(i.USBH_Delay) refers to stm32f4xx_hal.o(i.HAL_Delay) for HAL_Delay
    usbh_conf.o(i.USBH_LL_ClosePipe) refers to stm32f4xx_hal_hcd.o(i.HAL_HCD_HC_Halt) for HAL_HCD_HC_Halt
    usbh_conf.o(i.USBH_LL_DeInit) refers to stm32f4xx_hal_hcd.o(i.HAL_HCD_DeInit) for HAL_HCD_DeInit
    usbh_conf.o(i.USBH_LL_DriverVBUS) refers to stm32f4xx_hal.o(i.HAL_Delay) for HAL_Delay
    usbh_conf.o(i.USBH_LL_GetLastXferSize) refers to stm32f4xx_hal_hcd.o(i.HAL_HCD_HC_GetXferCount) for HAL_HCD_HC_GetXferCount
    usbh_conf.o(i.USBH_LL_GetSpeed) refers to stm32f4xx_hal_hcd.o(i.HAL_HCD_GetCurrentSpeed) for HAL_HCD_GetCurrentSpeed
    usbh_conf.o(i.USBH_LL_GetURBState) refers to stm32f4xx_hal_hcd.o(i.HAL_HCD_HC_GetURBState) for HAL_HCD_HC_GetURBState
    usbh_conf.o(i.USBH_LL_Init) refers to stm32f4xx_hal_hcd.o(i.HAL_HCD_Init) for HAL_HCD_Init
    usbh_conf.o(i.USBH_LL_Init) refers to stm32f4xx_hal_hcd.o(i.HAL_HCD_GetCurrentFrame) for HAL_HCD_GetCurrentFrame
    usbh_conf.o(i.USBH_LL_Init) refers to usbh_core.o(i.USBH_LL_SetTimer) for USBH_LL_SetTimer
    usbh_conf.o(i.USBH_LL_Init) refers to usbh_conf.o(.bss) for .bss
    usbh_conf.o(i.USBH_LL_OpenPipe) refers to stm32f4xx_hal_hcd.o(i.HAL_HCD_HC_Init) for HAL_HCD_HC_Init
    usbh_conf.o(i.USBH_LL_ResetPort) refers to stm32f4xx_hal_hcd.o(i.HAL_HCD_ResetPort) for HAL_HCD_ResetPort
    usbh_conf.o(i.USBH_LL_Start) refers to stm32f4xx_hal_hcd.o(i.HAL_HCD_Start) for HAL_HCD_Start
    usbh_conf.o(i.USBH_LL_Stop) refers to stm32f4xx_hal_hcd.o(i.HAL_HCD_Stop) for HAL_HCD_Stop
    usbh_conf.o(i.USBH_LL_SubmitURB) refers to stm32f4xx_hal_hcd.o(i.HAL_HCD_HC_SubmitRequest) for HAL_HCD_HC_SubmitRequest
[...]
    Removing stm32f4xx_ll_usb.o(i.USB_ReadDevAllOutEpInterrupt), (14 bytes).
    Removing stm32f4xx_ll_usb.o(i.USB_ReadDevInEPInterrupt), (30 bytes).
    Removing stm32f4xx_ll_usb.o(i.USB_ReadDevOutEPInterrupt), (16 bytes).
    Removing stm32f4xx_ll_usb.o(i.USB_SetDevAddress), (34 bytes).
    Removing stm32f4xx_ll_usb.o(i.USB_SetDevSpeed), (14 bytes).
    Removing stm32f4xx_ll_usb.o(i.USB_StopDevice), (66 bytes).
    Removing stm32f4xx_ll_usb.o(.data), (4 bytes).
    Removing stm32f4xx_hal_hcd.o(.rev16_text), (4 bytes).
    Removing stm32f4xx_hal_hcd.o(.revsh_text), (4 bytes).
    Removing stm32f4xx_hal_hcd.o(.rrx_text), (6 bytes).
    Removing stm32f4xx_hal_hcd.o(i.HAL_HCD_Connect_Callback), (2 bytes).
    Removing stm32f4xx_hal_hcd.o(i.HAL_HCD_DeInit), (36 bytes).
    Removing stm32f4xx_hal_hcd.o(i.HAL_HCD_Disconnect_Callback), (2 bytes).
    Removing stm32f4xx_hal_hcd.o(i.HAL_HCD_GetState), (6 bytes).
    Removing stm32f4xx_hal_hcd.o(i.HAL_HCD_HC_GetState), (14 bytes).
    Removing stm32f4xx_hal_hcd.o(i.HAL_HCD_HC_NotifyURBChange_Callback), (2 bytes).
    Removing stm32f4xx_hal_hcd.o(i.HAL_HCD_MspDeInit), (2 bytes).
    Removing stm32f4xx_hal_hcd.o(i.HAL_HCD_MspInit), (2 bytes).
    Removing stm32f4xx_hal_hcd.o(i.HAL_HCD_SOF_Callback), (2 bytes).
    Removing diskio.o(.rev16_text), (4 bytes).
    Removing diskio.o(.revsh_text), (4 bytes).
    Removing diskio.o(.rrx_text), (6 bytes).
    Removing diskio.o(i.disk_initialize), (40 bytes).
    Removing diskio.o(i.disk_ioctl), (28 bytes).
    Removing diskio.o(i.disk_read), (28 bytes).
    Removing diskio.o(i.disk_status), (24 bytes).
    Removing diskio.o(i.disk_write), (28 bytes).
    Removing diskio.o(i.get_fattime), (4 bytes).
    Removing syscall.o(.rev16_text), (4 bytes).
    Removing syscall.o(.revsh_text), (4 bytes).
    Removing syscall.o(.rrx_text), (6 bytes).
    Removing ff.o(.rev16_text), (4 bytes).
    Removing ff.o(.revsh_text), (4 bytes).
    Removing ff.o(.rrx_text), (6 bytes).
    Removing ff.o(i.check_fs), (96 bytes).
    Removing ff.o(i.chk_lock), (108 bytes).
    Removing ff.o(i.clear_lock), (36 bytes).
    Removing ff.o(i.clmt_clust), (42 bytes).
    Removing ff.o(i.clust2sect), (30 bytes).
    Removing ff.o(i.create_chain), (176 bytes).
    Removing ff.o(i.create_name), (256 bytes).
    Removing ff.o(i.dec_lock), (60 bytes).
    Removing ff.o(i.dir_next), (286 bytes).
    Removing ff.o(i.dir_read), (102 bytes).
    Removing ff.o(i.dir_register), (118 bytes).
    Removing ff.o(i.dir_remove), (66 bytes).
    Removing ff.o(i.dir_sdi), (152 bytes).
    Removing ff.o(i.f_chmod), (82 bytes).
    Removing ff.o(i.f_close), (42 bytes).
    Removing ff.o(i.f_closedir), (36 bytes).
    Removing ff.o(i.f_getfree), (200 bytes).
    Removing ff.o(i.f_gets), (72 bytes).
    Removing ff.o(i.f_lseek), (644 bytes).
    Removing ff.o(i.f_mkdir), (356 bytes).
    Removing ff.o(i.f_mkfs), (1334 bytes).
    Removing ff.o(i.f_mount), (92 bytes).
    Removing ff.o(i.f_open), (416 bytes).
    Removing ff.o(i.f_opendir), (148 bytes).
    Removing ff.o(i.f_printf), (490 bytes).
    Removing ff.o(i.f_putc), (60 bytes).
    Removing ff.o(i.f_puts), (70 bytes).
    Removing ff.o(i.f_read), (396 bytes).
    Removing ff.o(i.f_readdir), (82 bytes).
    Removing ff.o(i.f_rename), (298 bytes).
    Removing ff.o(i.f_stat), (64 bytes).
    Removing ff.o(i.f_sync), (184 bytes).
    Removing ff.o(i.f_truncate), (216 bytes).
    Removing ff.o(i.f_unlink), (170 bytes).
    Removing ff.o(i.f_utime), (86 bytes).
    Removing ff.o(i.f_write), (470 bytes).
    Removing ff.o(i.find_volume), (600 bytes).
    Removing ff.o(i.follow_path), (192 bytes).
    Removing ff.o(i.get_fat), (194 bytes).
    Removing ff.o(i.get_fileinfo), (80 bytes).
    Removing ff.o(i.get_ldnumber), (60 bytes).
    Removing ff.o(i.inc_lock), (160 bytes).
    Removing ff.o(i.ld_clust), (20 bytes).
    Removing ff.o(i.mem_cpy), (18 bytes).
    Removing ff.o(i.mem_set), (14 bytes).
    Removing ff.o(i.move_window), (54 bytes).
    Removing ff.o(i.put_fat), (248 bytes).
    Removing ff.o(i.putc_bfd), (70 bytes).
    Removing ff.o(i.remove_chain), (110 bytes).
    Removing ff.o(i.st_clust), (16 bytes).
    Removing ff.o(i.sync_fs), (182 bytes).
    Removing ff.o(i.sync_window), (96 bytes).
    Removing ff.o(i.validate), (44 bytes).
    Removing ff.o(.bss), (24 bytes).
    Removing ff.o(.constdata), (172 bytes).
    Removing ff.o(.data), (8 bytes).
    Removing usbh_diskio.o(.rev16_text), (4 bytes).
    Removing usbh_diskio.o(.revsh_text), (4 bytes).
    Removing usbh_diskio.o(.rrx_text), (6 bytes).
    Removing ff_gen_drv.o(.rev16_text), (4 bytes).
    Removing ff_gen_drv.o(.revsh_text), (4 bytes).
    Removing ff_gen_drv.o(.rrx_text), (6 bytes).
    Removing ff_gen_drv.o(i.FATFS_GetAttachedDriversNbr), (12 bytes).
    Removing ff_gen_drv.o(i.FATFS_UnLinkDriver), (6 bytes).
    Removing ff_gen_drv.o(i.FATFS_UnLinkDriverEx), (52 bytes).
    Removing usbh_msc_bot.o(.rev16_text), (4 bytes).
    Removing usbh_msc_bot.o(.revsh_text), (4 bytes).
    Removing usbh_msc_bot.o(.rrx_text), (6 bytes).
    Removing usbh_ioreq.o(.rev16_text), (4 bytes).
    Removing usbh_ioreq.o(.revsh_text), (4 bytes).
    Removing usbh_ioreq.o(.rrx_text), (6 bytes).
    Removing usbh_ioreq.o(i.USBH_InterruptReceiveData), (32 bytes).
    Removing usbh_ioreq.o(i.USBH_InterruptSendData), (32 bytes).
    Removing usbh_ioreq.o(i.USBH_IsocReceiveData), (34 bytes).
    Removing usbh_ioreq.o(i.USBH_IsocSendData), (34 bytes).
    Removing usbh_pipes.o(.rev16_text), (4 bytes).
    Removing usbh_pipes.o(.revsh_text), (4 bytes).
    Removing usbh_pipes.o(.rrx_text), (6 bytes).
    Removing usbh_msc.o(.rev16_text), (4 bytes).
    Removing usbh_msc.o(.revsh_text), (4 bytes).
    Removing usbh_msc.o(.rrx_text), (6 bytes).
    Removing usbh_msc.o(i.USBH_MSC_GetMaxLUN), (30 bytes).
    Removing usbh_msc.o(i.USBH_MSC_IsReady), (22 bytes).
    Removing usbh_msc_scsi.o(.rev16_text), (4 bytes).
    Removing usbh_msc_scsi.o(.revsh_text), (4 bytes).
    Removing usbh_msc_scsi.o(.rrx_text), (6 bytes).
    Removing usbh_ctlreq.o(.rev16_text), (4 bytes).
    Removing usbh_ctlreq.o(.revsh_text), (4 bytes).
    Removing usbh_ctlreq.o(.rrx_text), (6 bytes).
    Removing usbh_ctlreq.o(i.USBH_SetInterface), (28 bytes).
    Removing usbh_core.o(.rev16_text), (4 bytes).
    Removing usbh_core.o(.revsh_text), (4 bytes).
    Removing usbh_core.o(.rrx_text), (6 bytes).
    Removing usbh_core.o(i.USBH_DeInit), (32 bytes).
    Removing usbh_core.o(i.USBH_FindInterfaceIndex), (50 bytes).
    Removing usbh_core.o(i.USBH_GetActiveClass), (6 bytes).
    Removing usbh_core.o(i.USBH_ReEnumerate), (30 bytes).
    Removing usbh_core.o(i.USBH_Stop), (36 bytes).

339 unused section(s) (total 21384 bytes) removed from the image.

==============================================================================

Image Symbol Table

    Local Symbols

    Symbol Name                              Value     Ov Type        Size  Object(Section)

    ../Drivers/CMSIS/Device/ST/STM32F4xx/Source/Templates/system_stm32f4xx.c 0x00000000   Number         0  system_stm32f4xx.o ABSOLUTE
    ../Drivers/STM32F4xx_HAL_Driver/Src/stm32f4xx_hal.c 0x00000000   Number         0  stm32f4xx_hal.o ABSOLUTE
    ../Drivers/STM32F4xx_HAL_Driver/Src/stm32f4xx_hal_cortex.c 0x00000000   Number         0  stm32f4xx_hal_cortex.o ABSOLUTE
    ../Drivers/STM32F4xx_HAL_Driver/Src/stm32f4xx_hal_dma.c 0x00000000   Number         0  stm32f4xx_hal_dma.o ABSOLUTE
    ../Drivers/STM32F4xx_HAL_Driver/Src/stm32f4xx_hal_dma_ex.c 0x00000000   Number         0  stm32f4xx_hal_dma_ex.o ABSOLUTE
    ../Drivers/STM32F4xx_HAL_Driver/Src/stm32f4xx_hal_flash.c 0x00000000   Number         0  stm32f4xx_hal_flash.o ABSOLUTE
    ../Drivers/STM32F4xx_HAL_Driver/Src/stm32f4xx_hal_flash_ex.c 0x00000000   Number         0  stm32f4xx_hal_flash_ex.o ABSOLUTE
    ../Drivers/STM32F4xx_HAL_Driver/Src/stm32f4xx_hal_flash_ramfunc.c 0x00000000   Number         0  stm32f4xx_hal_flash_ramfunc.o ABSOLUTE
    ../Drivers/STM32F4xx_HAL_Driver/Src/stm32f4xx_hal_gpio.c 0x00000000   Number         0  stm32f4xx_hal_gpio.o ABSOLUTE
    ../Drivers/STM32F4xx_HAL_Driver/Src/stm32f4xx_hal_hcd.c 0x00000000   Number         0  stm32f4xx_hal_hcd.o ABSOLUTE
    ../Drivers/STM32F4xx_HAL_Driver/Src/stm32f4xx_hal_pwr.c 0x00000000   Number         0  stm32f4xx_hal_pwr.o ABSOLUTE
    ../Drivers/STM32F4xx_HAL_Driver/Src/stm32f4xx_hal_pwr_ex.c 0x00000000   Number         0  stm32f4xx_hal_pwr_ex.o ABSOLUTE
    ../Drivers/STM32F4xx_HAL_Driver/Src/stm32f4xx_hal_rcc.c 0x00000000   Number         0  stm32f4xx_hal_rcc.o ABSOLUTE
    ../Drivers/STM32F4xx_HAL_Driver/Src/stm32f4xx_hal_rcc_ex.c 0x00000000   Number         0  stm32f4xx_hal_rcc_ex.o ABSOLUTE
    ../Drivers/STM32F4xx_HAL_Driver/Src/stm32f4xx_hal_tim.c 0x00000000   Number         0  stm32f4xx_hal_tim.o ABSOLUTE
    ../Drivers/STM32F4xx_HAL_Driver/Src/stm32f4xx_hal_tim_ex.c 0x00000000   Number         0  stm32f4xx_hal_tim_ex.o ABSOLUTE
    ../Drivers/STM32F4xx_HAL_Driver/Src/stm32f4xx_ll_usb.c 0x00000000   Number         0  stm32f4xx_ll_usb.o ABSOLUTE
    ../Middlewares/ST/STM32_USB_Host_Library/Class/MSC/Src/usbh_msc.c 0x00000000   Number         0  usbh_msc.o ABSOLUTE
    ../Middlewares/ST/STM32_USB_Host_Library/Class/MSC/Src/usbh_msc_bot.c 0x00000000   Number         0  usbh_msc_bot.o ABSOLUTE
    ../Middlewares/ST/STM32_USB_Host_Library/Class/MSC/Src/usbh_msc_scsi.c 0x00000000   Number         0  usbh_msc_scsi.o ABSOLUTE
    ../Middlewares/ST/STM32_USB_Host_Library/Core/Src/usbh_core.c 0x00000000   Number         0  usbh_core.o ABSOLUTE
    ../Middlewares/ST/STM32_USB_Host_Library/Core/Src/usbh_ctlreq.c 0x00000000   Number         0  usbh_ctlreq.o ABSOLUTE
    ../Middlewares/ST/STM32_USB_Host_Library/Core/Src/usbh_ioreq.c 0x00000000   Number         0  usbh_ioreq.o ABSOLUTE
    ../Middlewares/ST/STM32_USB_Host_Library/Core/Src/usbh_pipes.c 0x00000000   Number         0  usbh_pipes.o ABSOLUTE
    ../Middlewares/Third_Party/FatFs/src/diskio.c 0x00000000   Number         0  diskio.o ABSOLUTE
    ../Middlewares/Third_Party/FatFs/src/drivers/usbh_diskio.c 0x00000000   Number         0  usbh_diskio.o ABSOLUTE
    ../Middlewares/Third_Party/FatFs/src/ff.c 0x00000000   Number         0  ff.o ABSOLUTE
    ../Middlewares/Third_Party/FatFs/src/ff_gen_drv.c 0x00000000   Number         0  ff_gen_drv.o ABSOLUTE
    ../Middlewares/Third_Party/FatFs/src/option/syscall.c 0x00000000   Number         0  syscall.o ABSOLUTE
    ../Src/fatfs.c                           0x00000000   Number         0  fatfs.o ABSOLUTE
    ../Src/main.c                            0x00000000   Number         0  main.o ABSOLUTE
    ../Src/stm32f4xx_hal_msp.c               0x00000000   Number         0  stm32f4xx_hal_msp.o ABSOLUTE
    ../Src/stm32f4xx_it.c                    0x00000000   Number         0  stm32f4xx_it.o ABSOLUTE
    ../Src/usb_host.c                        0x00000000   Number         0  usb_host.o ABSOLUTE
    ../Src/usbh_conf.c                       0x00000000   Number         0  usbh_conf.o ABSOLUTE
    ../clib/microlib/init/entry.s            0x00000000   Number         0  entry11a.o ABSOLUTE
    ../clib/microlib/init/entry.s            0x00000000   Number         0  entry2.o ABSOLUTE
    ../clib/microlib/init/entry.s            0x00000000   Number         0  entry7a.o ABSOLUTE
    ../clib/microlib/init/entry.s            0x00000000   Number         0  entry7b.o ABSOLUTE
    ../clib/microlib/init/entry.s            0x00000000   Number         0  entry5.o ABSOLUTE
    ../clib/microlib/init/entry.s            0x00000000   Number         0  entry8b.o ABSOLUTE
    ../clib/microlib/init/entry.s            0x00000000   Number         0  entry8a.o ABSOLUTE
    ../clib/microlib/init/entry.s            0x00000000   Number         0  entry9a.o ABSOLUTE
    ../clib/microlib/init/entry.s            0x00000000   Number         0  entry.o ABSOLUTE
    ../clib/microlib/init/entry.s            0x00000000   Number         0  entry9b.o ABSOLUTE
    ../clib/microlib/init/entry.s            0x00000000   Number         0  entry10a.o ABSOLUTE
    ../clib/microlib/init/entry.s            0x00000000   Number         0  entry11b.o ABSOLUTE
    ../clib/microlib/init/entry.s            0x00000000   Number         0  entry10b.o ABSOLUTE
    ../clib/microlib/malloc/malloc.c         0x00000000   Number         0  mallocr.o ABSOLUTE
    ../clib/microlib/malloc/malloc.c         0x00000000   Number         0  mallocra.o ABSOLUTE
    ../clib/microlib/malloc/malloc.c         0x00000000   Number         0  malloc.o ABSOLUTE
    ../clib/microlib/malloc/malloc.c         0x00000000   Number         0  malloca.o ABSOLUTE
    ../clib/microlib/malloc/mvars.c          0x00000000   Number         0  mvars.o ABSOLUTE
    ../clib/microlib/string/memcpy.c         0x00000000   Number         0  memcpyb.o ABSOLUTE
    ../clib/microlib/string/memcpy.c         0x00000000   Number         0  memcpya.o ABSOLUTE
    ../clib/microlib/string/memset.c         0x00000000   Number         0  memseta.o ABSOLUTE
    ..\Drivers\CMSIS\Device\ST\STM32F4xx\Source\Templates\system_stm32f4xx.c 0x00000000   Number         0  system_stm32f4xx.o ABSOLUTE
    ..\Drivers\STM32F4xx_HAL_Driver\Src\stm32f4xx_hal.c 0x00000000   Number         0  stm32f4xx_hal.o ABSOLUTE
    ..\Drivers\STM32F4xx_HAL_Driver\Src\stm32f4xx_hal_cortex.c 0x00000000   Number         0  stm32f4xx_hal_cortex.o ABSOLUTE
    ..\Drivers\STM32F4xx_HAL_Driver\Src\stm32f4xx_hal_dma.c 0x00000000   Number         0  stm32f4xx_hal_dma.o ABSOLUTE
    ..\Drivers\STM32F4xx_HAL_Driver\Src\stm32f4xx_hal_dma_ex.c 0x00000000   Number         0  stm32f4xx_hal_dma_ex.o ABSOLUTE
    ..\Drivers\STM32F4xx_HAL_Driver\Src\stm32f4xx_hal_flash.c 0x00000000   Number         0  stm32f4xx_hal_flash.o ABSOLUTE
    ..\Drivers\STM32F4xx_HAL_Driver\Src\stm32f4xx_hal_flash_ex.c 0x00000000   Number         0  stm32f4xx_hal_flash_ex.o ABSOLUTE
    ..\Drivers\STM32F4xx_HAL_Driver\Src\stm32f4xx_hal_flash_ramfunc.c 0x00000000   Number         0  stm32f4xx_hal_flash_ramfunc.o ABSOLUTE
    ..\Drivers\STM32F4xx_HAL_Driver\Src\stm32f4xx_hal_gpio.c 0x00000000   Number         0  stm32f4xx_hal_gpio.o ABSOLUTE
    ..\Drivers\STM32F4xx_HAL_Driver\Src\stm32f4xx_hal_hcd.c 0x00000000   Number         0  stm32f4xx_hal_hcd.o ABSOLUTE
    ..\Drivers\STM32F4xx_HAL_Driver\Src\stm32f4xx_hal_pwr.c 0x00000000   Number         0  stm32f4xx_hal_pwr.o ABSOLUTE
    ..\Drivers\STM32F4xx_HAL_Driver\Src\stm32f4xx_hal_pwr_ex.c 0x00000000   Number         0  stm32f4xx_hal_pwr_ex.o ABSOLUTE
    ..\Drivers\STM32F4xx_HAL_Driver\Src\stm32f4xx_hal_rcc.c 0x00000000   Number         0  stm32f4xx_hal_rcc.o ABSOLUTE
    ..\Drivers\STM32F4xx_HAL_Driver\Src\stm32f4xx_hal_rcc_ex.c 0x00000000   Number         0  stm32f4xx_hal_rcc_ex.o ABSOLUTE
    ..\Drivers\STM32F4xx_HAL_Driver\Src\stm32f4xx_hal_tim.c 0x00000000   Number         0  stm32f4xx_hal_tim.o ABSOLUTE
    ..\Drivers\STM32F4xx_HAL_Driver\Src\stm32f4xx_hal_tim_ex.c 0x00000000   Number         0  stm32f4xx_hal_tim_ex.o ABSOLUTE
    ..\Drivers\STM32F4xx_HAL_Driver\Src\stm32f4xx_ll_usb.c 0x00000000   Number         0  stm32f4xx_ll_usb.o ABSOLUTE
    ..\Middlewares\ST\STM32_USB_Host_Library\Class\MSC\Src\usbh_msc.c 0x00000000   Number         0  usbh_msc.o ABSOLUTE
    ..\Middlewares\ST\STM32_USB_Host_Library\Class\MSC\Src\usbh_msc_bot.c 0x00000000   Number         0  usbh_msc_bot.o ABSOLUTE
    ..\Middlewares\ST\STM32_USB_Host_Library\Class\MSC\Src\usbh_msc_scsi.c 0x00000000   Number         0  usbh_msc_scsi.o ABSOLUTE
    ..\Middlewares\ST\STM32_USB_Host_Library\Core\Src\usbh_core.c 0x00000000   Number         0  usbh_core.o ABSOLUTE
    ..\Middlewares\ST\STM32_USB_Host_Library\Core\Src\usbh_ctlreq.c 0x00000000   Number         0  usbh_ctlreq.o ABSOLUTE
    ..\Middlewares\ST\STM32_USB_Host_Library\Core\Src\usbh_ioreq.c 0x00000000   Number         0  usbh_ioreq.o ABSOLUTE
    ..\Middlewares\ST\STM32_USB_Host_Library\Core\Src\usbh_pipes.c 0x00000000   Number         0  usbh_pipes.o ABSOLUTE
    ..\Middlewares\Third_Party\FatFs\src\diskio.c 0x00000000   Number         0  diskio.o ABSOLUTE
    ..\Middlewares\Third_Party\FatFs\src\drivers\usbh_diskio.c 0x00000000   Number         0  usbh_diskio.o ABSOLUTE
    ..\Middlewares\Third_Party\FatFs\src\ff.c 0x00000000   Number         0  ff.o ABSOLUTE
    ..\Middlewares\Third_Party\FatFs\src\ff_gen_drv.c 0x00000000   Number         0  ff_gen_drv.o ABSOLUTE
    ..\Middlewares\Third_Party\FatFs\src\option\syscall.c 0x00000000   Number         0  syscall.o ABSOLUTE
    ..\Src\fatfs.c                           0x00000000   Number         0  fatfs.o ABSOLUTE
    ..\Src\main.c                            0x00000000   Number         0  main.o ABSOLUTE
    ..\Src\stm32f4xx_hal_msp.c               0x00000000   Number         0  stm32f4xx_hal_msp.o ABSOLUTE
    ..\Src\stm32f4xx_it.c                    0x00000000   Number         0  stm32f4xx_it.o ABSOLUTE
    ..\Src\usb_host.c                        0x00000000   Number         0  usb_host.o ABSOLUTE
    ..\Src\usbh_conf.c                       0x00000000   Number         0  usbh_conf.o ABSOLUTE
    dc.s                                     0x00000000   Number         0  dc.o ABSOLUTE
    handlers.s                               0x00000000   Number         0  handlers.o ABSOLUTE
    init.s                                   0x00000000   Number         0  init.o ABSOLUTE
    startup_stm32f429xx.s                    0x00000000   Number         0  startup_stm32f429xx.o ABSOLUTE
    RESET                                    0x08000000   Section      428  startup_stm32f429xx.o(RESET)
    .ARM.Collect$$$$00000000                 0x080001ac   Section        0  entry.o(.ARM.Collect$$$$00000000)
    .ARM.Collect$$$$00000001                 0x080001ac   Section        4  entry2.o(.ARM.Collect$$$$00000001)
    .ARM.Collect$$$$00000004                 0x080001b0   Section        4  entry5.o(.ARM.Collect$$$$00000004)
    .ARM.Collect$$$$00000008                 0x080001b4   Section        0  entry7b.o(.ARM.Collect$$$$00000008)
    .ARM.Collect$$$$0000000A                 0x080001b4   Section        0  entry8b.o(.ARM.Collect$$$$0000000A)
    .ARM.Collect$$$$0000000B                 0x080001b4   Section        8  entry9a.o(.ARM.Collect$$$$0000000B)
    .ARM.Collect$$$$0000000D                 0x080001bc   Section        0  entry10a.o(.ARM.Collect$$$$0000000D)
    .ARM.Collect$$$$0000000F                 0x080001bc   Section        0  entry11a.o(.ARM.Collect$$$$0000000F)
    .ARM.Collect$$$$00002712                 0x080001bc   Section        4  entry2.o(.ARM.Collect$$$$00002712)
    __lit__00000000                          0x080001bc   Data           4  entry2.o(.ARM.Collect$$$$00002712)
    .text                                    0x080001c0   Section       36  startup_stm32f429xx.o(.text)
    $v0                                      0x080001c0   Number         0  startup_stm32f429xx.o(.text)
    .text                                    0x080001e4   Section        0  memcpya.o(.text)
    .text                                    0x08000208   Section        0  memseta.o(.text)
    .text                                    0x0800022c   Section       36  init.o(.text)
    i.BusFault_Handler                       0x08000250   Section        0  stm32f4xx_it.o(i.BusFault_Handler)
    i.DeInitStateMachine                     0x08000254   Section        0  usbh_core.o(i.DeInitStateMachine)
    DeInitStateMachine                       0x08000255   Thumb Code    72  usbh_core.o(i.DeInitStateMachine)
    i.DebugMon_Handler                       0x0800029c   Section        0  stm32f4xx_it.o(i.DebugMon_Handler)
    i.FATFS_LinkDriver                       0x0800029e   Section        0  ff_gen_drv.o(i.FATFS_LinkDriver)
    i.FATFS_LinkDriverEx                     0x080002a4   Section        0  ff_gen_drv.o(i.FATFS_LinkDriverEx)
    i.HAL_Delay                              0x080002e4   Section        0  stm32f4xx_hal.o(i.HAL_Delay)
    i.HAL_GPIO_Init                          0x080002fc   Section        0  stm32f4xx_hal_gpio.o(i.HAL_GPIO_Init)
    i.HAL_GPIO_WritePin                      0x080004c8   Section        0  stm32f4xx_hal_gpio.o(i.HAL_GPIO_WritePin)
    i.HAL_GetTick                            0x080004d4   Section        0  stm32f4xx_hal.o(i.HAL_GetTick)
    i.HAL_HCD_Connect_Callback               0x080004e0   Section        0  usbh_conf.o(i.HAL_HCD_Connect_Callback)
    i.HAL_HCD_Disconnect_Callback            0x080004e8   Section        0  usbh_conf.o(i.HAL_HCD_Disconnect_Callback)
    i.HAL_HCD_GetCurrentFrame                0x080004f0   Section        0  stm32f4xx_hal_hcd.o(i.HAL_HCD_GetCurrentFrame)
    i.HAL_HCD_GetCurrentSpeed                0x080004f6   Section        0  stm32f4xx_hal_hcd.o(i.HAL_HCD_GetCurrentSpeed)
    i.HAL_HCD_HC_GetURBState                 0x080004fc   Section        0  stm32f4xx_hal_hcd.o(i.HAL_HCD_HC_GetURBState)
    i.HAL_HCD_HC_GetXferCount                0x0800050a   Section        0  stm32f4xx_hal_hcd.o(i.HAL_HCD_HC_GetXferCount)
    i.HAL_HCD_HC_Halt                        0x08000516   Section        0  stm32f4xx_hal_hcd.o(i.HAL_HCD_HC_Halt)
    i.HAL_HCD_HC_Init                        0x0800053a   Section        0  stm32f4xx_hal_hcd.o(i.HAL_HCD_HC_Init)
    i.HAL_HCD_HC_NotifyURBChange_Callback    0x0800058e   Section        0  usbh_conf.o(i.HAL_HCD_HC_NotifyURBChange_Callback)
    i.HAL_HCD_HC_SubmitRequest               0x08000590   Section        0  stm32f4xx_hal_hcd.o(i.HAL_HCD_HC_SubmitRequest)
    i.HAL_HCD_IRQHandler                     0x08000648   Section        0  stm32f4xx_hal_hcd.o(i.HAL_HCD_IRQHandler)
    i.HAL_HCD_Init                           0x08000776   Section        0  stm32f4xx_hal_hcd.o(i.HAL_HCD_Init)
    i.HAL_HCD_MspInit                        0x080007d0   Section        0  usbh_conf.o(i.HAL_HCD_MspInit)
    i.HAL_HCD_ResetPort                      0x08000848   Section        0  stm32f4xx_hal_hcd.o(i.HAL_HCD_ResetPort)
    i.HAL_HCD_SOF_Callback                   0x0800084e   Section        0  usbh_conf.o(i.HAL_HCD_SOF_Callback)
    i.HAL_HCD_Start                          0x08000856   Section        0  stm32f4xx_hal_hcd.o(i.HAL_HCD_Start)
    i.HAL_HCD_Stop                           0x08000882   Section        0  stm32f4xx_hal_hcd.o(i.HAL_HCD_Stop)
    i.HAL_IncTick                            0x080008a8   Section        0  stm32f4xx_hal.o(i.HAL_IncTick)
    i.HAL_Init                               0x080008b8   Section        0  stm32f4xx_hal.o(i.HAL_Init)
    i.HAL_InitTick                           0x080008ec   Section        0  stm32f4xx_hal.o(i.HAL_InitTick)
    i.HAL_MspInit                            0x0800090e   Section        0  stm32f4xx_hal_msp.o(i.HAL_MspInit)
    i.HAL_NVIC_EnableIRQ                     0x08000952   Section        0  stm32f4xx_hal_cortex.o(i.HAL_NVIC_EnableIRQ)
    i.HAL_NVIC_SetPriority                   0x08000968   Section        0  stm32f4xx_hal_cortex.o(i.HAL_NVIC_SetPriority)
    i.HAL_NVIC_SetPriorityGrouping           0x080009a8   Section        0  stm32f4xx_hal_cortex.o(i.HAL_NVIC_SetPriorityGrouping)
    i.HAL_RCC_ClockConfig                    0x080009cc   Section        0  stm32f4xx_hal_rcc.o(i.HAL_RCC_ClockConfig)
    i.HAL_RCC_GetHCLKFreq                    0x08000b0c   Section        0  stm32f4xx_hal_rcc.o(i.HAL_RCC_GetHCLKFreq)
    i.HAL_RCC_GetSysClockFreq                0x08000b40   Section        0  stm32f4xx_hal_rcc.o(i.HAL_RCC_GetSysClockFreq)
    i.HAL_RCC_OscConfig                      0x08000bb0   Section        0  stm32f4xx_hal_rcc.o(i.HAL_RCC_OscConfig)
    i.HAL_SYSTICK_CLKSourceConfig            0x08000e94   Section        0  stm32f4xx_hal_cortex.o(i.HAL_SYSTICK_CLKSourceConfig)
    i.HAL_SYSTICK_Callback                   0x08000eac   Section        0  stm32f4xx_hal_cortex.o(i.HAL_SYSTICK_Callback)
    i.HAL_SYSTICK_Config                     0x08000eae   Section        0  stm32f4xx_hal_cortex.o(i.HAL_SYSTICK_Config)
    i.HAL_SYSTICK_IRQHandler                 0x08000ed6   Section        0  stm32f4xx_hal_cortex.o(i.HAL_SYSTICK_IRQHandler)
    i.HCD_HC_IN_IRQHandler                   0x08000ede   Section        0  stm32f4xx_hal_hcd.o(i.HCD_HC_IN_IRQHandler)
    HCD_HC_IN_IRQHandler                     0x08000edf   Thumb Code   562  stm32f4xx_hal_hcd.o(i.HCD_HC_IN_IRQHandler)
    i.HCD_HC_OUT_IRQHandler                  0x08001110   Section        0  stm32f4xx_hal_hcd.o(i.HCD_HC_OUT_IRQHandler)
    HCD_HC_OUT_IRQHandler                    0x08001111   Thumb Code   556  stm32f4xx_hal_hcd.o(i.HCD_HC_OUT_IRQHandler)
    i.HCD_Port_IRQHandler                    0x0800133c   Section        0  stm32f4xx_hal_hcd.o(i.HCD_Port_IRQHandler)
    HCD_Port_IRQHandler                      0x0800133d   Thumb Code   176  stm32f4xx_hal_hcd.o(i.HCD_Port_IRQHandler)
    i.HCD_RXQLVL_IRQHandler                  0x080013ec   Section        0  stm32f4xx_hal_hcd.o(i.HCD_RXQLVL_IRQHandler)
    HCD_RXQLVL_IRQHandler                    0x080013ed   Thumb Code   108  stm32f4xx_hal_hcd.o(i.HCD_RXQLVL_IRQHandler)
    i.HardFault_Handler                      0x0800145c   Section        0  stm32f4xx_it.o(i.HardFault_Handler)
    i.MX_FATFS_Init                          0x08001460   Section        0  fatfs.o(i.MX_FATFS_Init)
    i.MX_GPIO_Init                           0x0800147c   Section        0  main.o(i.MX_GPIO_Init)
    MX_GPIO_Init                             0x0800147d   Thumb Code   146  main.o(i.MX_GPIO_Init)
    i.MX_USB_HOST_Init                       0x0800151c   Section        0  usb_host.o(i.MX_USB_HOST_Init)
    i.MX_USB_HOST_Process                    0x08001548   Section        0  usb_host.o(i.MX_USB_HOST_Process)
    i.MemManage_Handler                      0x08001554   Section        0  stm32f4xx_it.o(i.MemManage_Handler)
    i.NMI_Handler                            0x08001556   Section        0  stm32f4xx_it.o(i.NMI_Handler)
    i.NVIC_SetPriority                       0x08001558   Section        0  stm32f4xx_hal_cortex.o(i.NVIC_SetPriority)
    NVIC_SetPriority                         0x08001559   Thumb Code    32  stm32f4xx_hal_cortex.o(i.NVIC_SetPriority)
    i.OTG_FS_IRQHandler                      0x08001578   Section        0  stm32f4xx_it.o(i.OTG_FS_IRQHandler)
    i.SysTick_Handler                        0x08001584   Section        0  stm32f4xx_it.o(i.SysTick_Handler)
    i.SystemClock_Config                     0x08001594   Section        0  main.o(i.SystemClock_Config)
    i.SystemInit                             0x08001628   Section        0  system_stm32f4xx.o(i.SystemInit)
    i.USBH_AllocPipe                         0x0800167c   Section        0  usbh_pipes.o(i.USBH_AllocPipe)
    i.USBH_BulkReceiveData                   0x080016b0   Section        0  usbh_ioreq.o(i.USBH_BulkReceiveData)
    i.USBH_BulkSendData                      0x080016d0   Section        0  usbh_ioreq.o(i.USBH_BulkSendData)
    i.USBH_ClosePipe                         0x080016f8   Section        0  usbh_pipes.o(i.USBH_ClosePipe)
    i.USBH_ClrFeature                        0x08001702   Section        0  usbh_ctlreq.o(i.USBH_ClrFeature)
    i.USBH_CtlReceiveData                    0x08001720   Section        0  usbh_ioreq.o(i.USBH_CtlReceiveData)
    i.USBH_CtlReq                            0x0800173e   Section        0  usbh_ctlreq.o(i.USBH_CtlReq)
    i.USBH_CtlSendData                       0x08001774   Section        0  usbh_ioreq.o(i.USBH_CtlSendData)
    i.USBH_CtlSendSetup                      0x0800179c   Section        0  usbh_ioreq.o(i.USBH_CtlSendSetup)
    i.USBH_Delay                             0x080017ba   Section        0  usbh_conf.o(i.USBH_Delay)
    i.USBH_FindInterface                     0x080017be   Section        0  usbh_core.o(i.USBH_FindInterface)
    i.USBH_FreePipe                          0x08001802   Section        0  usbh_pipes.o(i.USBH_FreePipe)
    i.USBH_GetDescriptor                     0x0800181a   Section        0  usbh_ctlreq.o(i.USBH_GetDescriptor)
    i.USBH_GetNextDesc                       0x0800184e   Section        0  usbh_ctlreq.o(i.USBH_GetNextDesc)
    i.USBH_Get_CfgDesc                       0x0800185c   Section        0  usbh_ctlreq.o(i.USBH_Get_CfgDesc)
    i.USBH_Get_DevDesc                       0x08001888   Section        0  usbh_ctlreq.o(i.USBH_Get_DevDesc)
    i.USBH_Get_StringDesc                    0x08001922   Section        0  usbh_ctlreq.o(i.USBH_Get_StringDesc)
    i.USBH_HandleControl                     0x0800196a   Section        0  usbh_ctlreq.o(i.USBH_HandleControl)
    USBH_HandleControl                       0x0800196b   Thumb Code   382  usbh_ctlreq.o(i.USBH_HandleControl)
    i.USBH_HandleEnum                        0x08001ae8   Section        0  usbh_core.o(i.USBH_HandleEnum)
    USBH_HandleEnum                          0x08001ae9   Thumb Code   242  usbh_core.o(i.USBH_HandleEnum)
    i.USBH_Init                              0x08001bda   Section        0  usbh_core.o(i.USBH_Init)
    i.USBH_LL_ClosePipe                      0x08001c0a   Section        0  usbh_conf.o(i.USBH_LL_ClosePipe)
    i.USBH_LL_Connect                        0x08001c18   Section        0  usbh_core.o(i.USBH_LL_Connect)
    i.USBH_LL_Disconnect                     0x08001c40   Section        0  usbh_core.o(i.USBH_LL_Disconnect)
    i.USBH_LL_DriverVBUS                     0x08001c78   Section        0  usbh_conf.o(i.USBH_LL_DriverVBUS)
    i.USBH_LL_GetLastXferSize                0x08001c84   Section        0  usbh_conf.o(i.USBH_LL_GetLastXferSize)
    i.USBH_LL_GetSpeed                       0x08001c8c   Section        0  usbh_conf.o(i.USBH_LL_GetSpeed)
    i.USBH_LL_GetToggle                      0x08001cae   Section        0  usbh_conf.o(i.USBH_LL_GetToggle)
    i.USBH_LL_GetURBState                    0x08001ccc   Section        0  usbh_conf.o(i.USBH_LL_GetURBState)
    i.USBH_LL_IncTimer                       0x08001cd4   Section        0  usbh_core.o(i.USBH_LL_IncTimer)
    i.USBH_LL_Init                           0x08001cf4   Section        0  usbh_conf.o(i.USBH_LL_Init)
    i.USBH_LL_OpenPipe                       0x08001d3c   Section        0  usbh_conf.o(i.USBH_LL_OpenPipe)
    i.USBH_LL_ResetPort                      0x08001d54   Section        0  usbh_conf.o(i.USBH_LL_ResetPort)
    i.USBH_LL_SetTimer                       0x08001d62   Section        0  usbh_core.o(i.USBH_LL_SetTimer)
    i.USBH_LL_SetToggle                      0x08001d68   Section        0  usbh_conf.o(i.USBH_LL_SetToggle)
    i.USBH_LL_Start                          0x08001d88   Section        0  usbh_conf.o(i.USBH_LL_Start)
    i.USBH_LL_Stop                           0x08001d96   Section        0  usbh_conf.o(i.USBH_LL_Stop)
    i.USBH_LL_SubmitURB                      0x08001da4   Section        0  usbh_conf.o(i.USBH_LL_SubmitURB)
    i.USBH_MSC_BOT_Abort                     0x08001dc4   Section        0  usbh_msc_bot.o(i.USBH_MSC_BOT_Abort)
    USBH_MSC_BOT_Abort                       0x08001dc5   Thumb Code    30  usbh_msc_bot.o(i.USBH_MSC_BOT_Abort)
    i.USBH_MSC_BOT_Init                      0x08001de4   Section        0  usbh_msc_bot.o(i.USBH_MSC_BOT_Init)
    i.USBH_MSC_BOT_Process                   0x08001e08   Section        0  usbh_msc_bot.o(i.USBH_MSC_BOT_Process)
    i.USBH_MSC_BOT_REQ_GetMaxLUN             0x08001fe4   Section        0  usbh_msc_bot.o(i.USBH_MSC_BOT_REQ_GetMaxLUN)
    i.USBH_MSC_BOT_REQ_Reset                 0x08001ffa   Section        0  usbh_msc_bot.o(i.USBH_MSC_BOT_REQ_Reset)
    i.USBH_MSC_ClassRequest                  0x08002010   Section        0  usbh_msc.o(i.USBH_MSC_ClassRequest)
    USBH_MSC_ClassRequest                    0x08002011   Thumb Code   108  usbh_msc.o(i.USBH_MSC_ClassRequest)
    i.USBH_MSC_GetLUNInfo                    0x0800207c   Section        0  usbh_msc.o(i.USBH_MSC_GetLUNInfo)
    i.USBH_MSC_InterfaceDeInit               0x080020aa   Section        0  usbh_msc.o(i.USBH_MSC_InterfaceDeInit)
    USBH_MSC_InterfaceDeInit                 0x080020ab   Thumb Code    74  usbh_msc.o(i.USBH_MSC_InterfaceDeInit)
    i.USBH_MSC_InterfaceInit                 0x080020f4   Section        0  usbh_msc.o(i.USBH_MSC_InterfaceInit)
    USBH_MSC_InterfaceInit                   0x080020f5   Thumb Code   332  usbh_msc.o(i.USBH_MSC_InterfaceInit)
    i.USBH_MSC_Process                       0x08002240   Section        0  usbh_msc.o(i.USBH_MSC_Process)
    USBH_MSC_Process                         0x08002241   Thumb Code   656  usbh_msc.o(i.USBH_MSC_Process)
    i.USBH_MSC_RdWrProcess                   0x080024d0   Section        0  usbh_msc.o(i.USBH_MSC_RdWrProcess)
    USBH_MSC_RdWrProcess                     0x080024d1   Thumb Code   142  usbh_msc.o(i.USBH_MSC_RdWrProcess)
    i.USBH_MSC_Read                          0x0800255e   Section        0  usbh_msc.o(i.USBH_MSC_Read)
    i.USBH_MSC_SCSI_Inquiry                  0x080025e8   Section        0  usbh_msc_scsi.o(i.USBH_MSC_SCSI_Inquiry)
    i.USBH_MSC_SCSI_Read                     0x080026a8   Section        0  usbh_msc_scsi.o(i.USBH_MSC_SCSI_Read)
    i.USBH_MSC_SCSI_ReadCapacity             0x08002724   Section        0  usbh_msc_scsi.o(i.USBH_MSC_SCSI_ReadCapacity)
    i.USBH_MSC_SCSI_RequestSense             0x0800279e   Section        0  usbh_msc_scsi.o(i.USBH_MSC_SCSI_RequestSense)
    i.USBH_MSC_SCSI_TestUnitReady            0x08002830   Section        0  usbh_msc_scsi.o(i.USBH_MSC_SCSI_TestUnitReady)
    i.USBH_MSC_SCSI_Write                    0x0800287c   Section        0  usbh_msc_scsi.o(i.USBH_MSC_SCSI_Write)
    i.USBH_MSC_SOFProcess                    0x080028f8   Section        0  usbh_msc.o(i.USBH_MSC_SOFProcess)
    USBH_MSC_SOFProcess                      0x080028f9   Thumb Code     4  usbh_msc.o(i.USBH_MSC_SOFProcess)
    i.USBH_MSC_UnitIsReady                   0x080028fc   Section        0  usbh_msc.o(i.USBH_MSC_UnitIsReady)
    i.USBH_MSC_Write                         0x08002922   Section        0  usbh_msc.o(i.USBH_MSC_Write)
    i.USBH_OpenPipe                          0x080029ac   Section        0  usbh_pipes.o(i.USBH_OpenPipe)
    i.USBH_ParseCfgDesc                      0x080029c0   Section        0  usbh_ctlreq.o(i.USBH_ParseCfgDesc)
    USBH_ParseCfgDesc                        0x080029c1   Thumb Code   232  usbh_ctlreq.o(i.USBH_ParseCfgDesc)
    i.USBH_Process                           0x08002aa8   Section        0  usbh_core.o(i.USBH_Process)
    i.USBH_RegisterClass                     0x08002c10   Section        0  usbh_core.o(i.USBH_RegisterClass)
    i.USBH_SelectInterface                   0x08002c2c   Section        0  usbh_core.o(i.USBH_SelectInterface)
    i.USBH_SetAddress                        0x08002c42   Section        0  usbh_ctlreq.o(i.USBH_SetAddress)
    i.USBH_SetCfg                            0x08002c5e   Section        0  usbh_ctlreq.o(i.USBH_SetCfg)
    i.USBH_Start                             0x08002c7a   Section        0  usbh_core.o(i.USBH_Start)
    i.USBH_UserProcess                       0x08002c90   Section        0  usb_host.o(i.USBH_UserProcess)
    USBH_UserProcess                         0x08002c91   Thumb Code    28  usb_host.o(i.USBH_UserProcess)
    i.USBH_initialize                        0x08002cb0   Section        0  usbh_diskio.o(i.USBH_initialize)
    i.USBH_ioctl                             0x08002cb4   Section        0  usbh_diskio.o(i.USBH_ioctl)
    i.USBH_read                              0x08002d04   Section        0  usbh_diskio.o(i.USBH_read)
    i.USBH_status                            0x08002d4c   Section        0  usbh_diskio.o(i.USBH_status)
    i.USBH_write                             0x08002d64   Section        0  usbh_diskio.o(i.USBH_write)
    i.USB_CoreInit                           0x08002db4   Section        0  stm32f4xx_ll_usb.o(i.USB_CoreInit)
    i.USB_CoreReset                          0x08002e20   Section        0  stm32f4xx_ll_usb.o(i.USB_CoreReset)
    USB_CoreReset                            0x08002e21   Thumb Code    50  stm32f4xx_ll_usb.o(i.USB_CoreReset)
    i.USB_DisableGlobalInt                   0x08002e58   Section        0  stm32f4xx_ll_usb.o(i.USB_DisableGlobalInt)
    i.USB_DoPing                             0x08002e64   Section        0  stm32f4xx_ll_usb.o(i.USB_DoPing)
    i.USB_DriveVbus                          0x08002ea4   Section        0  stm32f4xx_ll_usb.o(i.USB_DriveVbus)
    i.USB_EnableGlobalInt                    0x08002ed0   Section        0  stm32f4xx_ll_usb.o(i.USB_EnableGlobalInt)
    i.USB_FlushRxFifo                        0x08002edc   Section        0  stm32f4xx_ll_usb.o(i.USB_FlushRxFifo)
    i.USB_FlushTxFifo                        0x08002efc   Section        0  stm32f4xx_ll_usb.o(i.USB_FlushTxFifo)
    i.USB_GetCurrentFrame                    0x08002f20   Section        0  stm32f4xx_ll_usb.o(i.USB_GetCurrentFrame)
    i.USB_GetHostSpeed                       0x08002f28   Section        0  stm32f4xx_ll_usb.o(i.USB_GetHostSpeed)
    i.USB_GetMode                            0x08002f36   Section        0  stm32f4xx_ll_usb.o(i.USB_GetMode)
    i.USB_HC_Halt                            0x08002f3e   Section        0  stm32f4xx_ll_usb.o(i.USB_HC_Halt)
    i.USB_HC_Init                            0x080030b8   Section        0  stm32f4xx_ll_usb.o(i.USB_HC_Init)
    i.USB_HC_ReadInterrupt                   0x080031a2   Section        0  stm32f4xx_ll_usb.o(i.USB_HC_ReadInterrupt)
    i.USB_HC_StartXfer                       0x080031b0   Section        0  stm32f4xx_ll_usb.o(i.USB_HC_StartXfer)
    i.USB_HostInit                           0x08003338   Section        0  stm32f4xx_ll_usb.o(i.USB_HostInit)
    i.USB_InitFSLSPClkSel                    0x0800340c   Section        0  stm32f4xx_ll_usb.o(i.USB_InitFSLSPClkSel)
    i.USB_ReadInterrupts                     0x08003442   Section        0  stm32f4xx_ll_usb.o(i.USB_ReadInterrupts)
    i.USB_ReadPacket                         0x0800344a   Section        0  stm32f4xx_ll_usb.o(i.USB_ReadPacket)
    i.USB_ResetPort                          0x0800346a   Section        0  stm32f4xx_ll_usb.o(i.USB_ResetPort)
    i.USB_SetCurrentMode                     0x08003496   Section        0  stm32f4xx_ll_usb.o(i.USB_SetCurrentMode)
    i.USB_StopHost                           0x080034c2   Section        0  stm32f4xx_ll_usb.o(i.USB_StopHost)
    i.USB_WritePacket                        0x08003574   Section        0  stm32f4xx_ll_usb.o(i.USB_WritePacket)
    i.UsageFault_Handler                     0x0800359c   Section        0  stm32f4xx_it.o(i.UsageFault_Handler)
    i.__scatterload_copy                     0x0800359e   Section       14  handlers.o(i.__scatterload_copy)
    i.__scatterload_null                     0x080035ac   Section        2  handlers.o(i.__scatterload_null)
    i.__scatterload_zeroinit                 0x080035ae   Section       14  handlers.o(i.__scatterload_zeroinit)
    i.free                                   0x080035bc   Section        0  malloc.o(i.free)
    i.main                                   0x0800360c   Section        0  main.o(i.main)
    i.malloc                                 0x08003628   Section        0  malloc.o(i.malloc)
    .constdata                               0x08003694   Section       16  stm32f4xx_hal_rcc.o(.constdata)
    .constdata                               0x080036a4   Section       20  usbh_diskio.o(.constdata)
    .conststring                             0x080036b8   Section        4  usbh_msc.o(.conststring)
    .data                                    0x20000000   Section        5  fatfs.o(.data)
    .data                                    0x20000005   Section        1  usb_host.o(.data)
    .data                                    0x20000008   Section        4  system_stm32f4xx.o(.data)
    .data                                    0x2000000c   Section        4  stm32f4xx_hal.o(.data)
    .data                                    0x20000010   Section       32  usbh_msc.o(.data)
    .data                                    0x20000030   Section        4  mvars.o(.data)
    .data                                    0x20000034   Section        4  mvars.o(.data)
    .bss                                     0x20000038   Section      664  usbh_conf.o(.bss)
    .bss                                     0x200002d0   Section      968  usb_host.o(.bss)
    .bss                                     0x20000698   Section       12  ff_gen_drv.o(.bss)
    HEAP                                     0x200006a8   Section      512  startup_stm32f429xx.o(HEAP)
    STACK                                    0x200008a8   Section     1024  startup_stm32f429xx.o(STACK)

    Global Symbols

    Symbol Name                              Value     Ov Type        Size  Object(Section)

    BuildAttributes$$THM_ISAv4$E$P$D$K$B$S$7EM$VFPi3$EXTD16$VFPS$VFMA$PE$A:L22UL41UL21$X:L11$S22US41US21$IEEE1$IW$USESV6$~STKCKD$USESV7$~SHL$OSPACE$EBA8$MICROLIB$REQ8$PRES8$EABIv2 0x00000000   Number         0  anon$$obj.o ABSOLUTE
    __ARM_use_no_argv                        0x00000000   Number         0  main.o ABSOLUTE
    __cpp_initialize__aeabi_                  - Undefined Weak Reference
    __cxa_finalize                            - Undefined Weak Reference
    __decompress                              - Undefined Weak Reference
    _clock_init                               - Undefined Weak Reference
    _microlib_exit                            - Undefined Weak Reference
    __Vectors_Size                           0x000001ac   Number         0  startup_stm32f429xx.o ABSOLUTE
    __Vectors                                0x08000000   Data           4  startup_stm32f429xx.o(RESET)
    __Vectors_End                            0x080001ac   Data           0  startup_stm32f429xx.o(RESET)
    __main                                   0x080001ad   Thumb Code     0  entry.o(.ARM.Collect$$$$00000000)
    _main_stk                                0x080001ad   Thumb Code     0  entry2.o(.ARM.Collect$$$$00000001)
    _main_scatterload                        0x080001b1   Thumb Code     0  entry5.o(.ARM.Collect$$$$00000004)
    __main_after_scatterload                 0x080001b5   Thumb Code     0  entry5.o(.ARM.Collect$$$$00000004)
    _main_clock                              0x080001b5   Thumb Code     0  entry7b.o(.ARM.Collect$$$$00000008)
    _main_cpp_init                           0x080001b5   Thumb Code     0  entry8b.o(.ARM.Collect$$$$0000000A)
    _main_init                               0x080001b5   Thumb Code     0  entry9a.o(.ARM.Collect$$$$0000000B)
    __rt_final_cpp                           0x080001bd   Thumb Code     0  entry10a.o(.ARM.Collect$$$$0000000D)
    __rt_final_exit                          0x080001bd   Thumb Code     0  entry11a.o(.ARM.Collect$$$$0000000F)
    Reset_Handler                            0x080001c1   Thumb Code     8  startup_stm32f429xx.o(.text)
    SVC_Handler                              0x080001d3   Thumb Code     2  startup_stm32f429xx.o(.text)
    PendSV_Handler                           0x080001d7   Thumb Code     2  startup_stm32f429xx.o(.text)
    ADC_IRQHandler                           0x080001db   Thumb Code     0  startup_stm32f429xx.o(.text)
    CAN1_RX0_IRQHandler                      0x080001db   Thumb Code     0  startup_stm32f429xx.o(.text)
    CAN1_RX1_IRQHandler                      0x080001db   Thumb Code     0  startup_stm32f429xx.o(.text)
    CAN1_SCE_IRQHandler                      0x080001db   Thumb Code     0  startup_stm32f429xx.o(.text)
    CAN1_TX_IRQHandler                       0x080001db   Thumb Code     0  startup_stm32f429xx.o(.text)
    CAN2_RX0_IRQHandler                      0x080001db   Thumb Code     0  startup_stm32f429xx.o(.text)
    CAN2_RX1_IRQHandler                      0x080001db   Thumb Code     0  startup_stm32f429xx.o(.text)
    CAN2_SCE_IRQHandler                      0x080001db   Thumb Code     0  startup_stm32f429xx.o(.text)
    CAN2_TX_IRQHandler                       0x080001db   Thumb Code     0  startup_stm32f429xx.o(.text)
    DCMI_IRQHandler                          0x080001db   Thumb Code     0  startup_stm32f429xx.o(.text)
    DMA1_Stream0_IRQHandler                  0x080001db   Thumb Code     0  startup_stm32f429xx.o(.text)
    DMA1_Stream1_IRQHandler                  0x080001db   Thumb Code     0  startup_stm32f429xx.o(.text)
    DMA1_Stream2_IRQHandler                  0x080001db   Thumb Code     0  startup_stm32f429xx.o(.text)
    DMA1_Stream3_IRQHandler                  0x080001db   Thumb Code     0  startup_stm32f429xx.o(.text)
    DMA1_Stream4_IRQHandler                  0x080001db   Thumb Code     0  startup_stm32f429xx.o(.text)
    DMA1_Stream5_IRQHandler                  0x080001db   Thumb Code     0  startup_stm32f429xx.o(.text)
    DMA1_Stream6_IRQHandler                  0x080001db   Thumb Code     0  startup_stm32f429xx.o(.text)
    DMA1_Stream7_IRQHandler                  0x080001db   Thumb Code     0  startup_stm32f429xx.o(.text)
    DMA2D_IRQHandler                         0x080001db   Thumb Code     0  startup_stm32f429xx.o(.text)
    DMA2_Stream0_IRQHandler                  0x080001db   Thumb Code     0  startup_stm32f429xx.o(.text)
    DMA2_Stream1_IRQHandler                  0x080001db   Thumb Code     0  startup_stm32f429xx.o(.text)
    DMA2_Stream2_IRQHandler                  0x080001db   Thumb Code     0  startup_stm32f429xx.o(.text)
    DMA2_Stream3_IRQHandler                  0x080001db   Thumb Code     0  startup_stm32f429xx.o(.text)
    DMA2_Stream4_IRQHandler                  0x080001db   Thumb Code     0  startup_stm32f429xx.o(.text)
    DMA2_Stream5_IRQHandler                  0x080001db   Thumb Code     0  startup_stm32f429xx.o(.text)
    DMA2_Stream6_IRQHandler                  0x080001db   Thumb Code     0  startup_stm32f429xx.o(.text)
    DMA2_Stream7_IRQHandler                  0x080001db   Thumb Code     0  startup_stm32f429xx.o(.text)
    ETH_IRQHandler                           0x080001db   Thumb Code     0  startup_stm32f429xx.o(.text)
    ETH_WKUP_IRQHandler                      0x080001db   Thumb Code     0  startup_stm32f429xx.o(.text)
    EXTI0_IRQHandler                         0x080001db   Thumb Code     0  startup_stm32f429xx.o(.text)
    EXTI15_10_IRQHandler                     0x080001db   Thumb Code     0  startup_stm32f429xx.o(.text)
    EXTI1_IRQHandler                         0x080001db   Thumb Code     0  startup_stm32f429xx.o(.text)
    EXTI2_IRQHandler                         0x080001db   Thumb Code     0  startup_stm32f429xx.o(.text)
    EXTI3_IRQHandler                         0x080001db   Thumb Code     0  startup_stm32f429xx.o(.text)
    EXTI4_IRQHandler                         0x080001db   Thumb Code     0  startup_stm32f429xx.o(.text)
    EXTI9_5_IRQHandler                       0x080001db   Thumb Code     0  startup_stm32f429xx.o(.text)
    FLASH_IRQHandler                         0x080001db   Thumb Code     0  startup_stm32f429xx.o(.text)
    FMC_IRQHandler                           0x080001db   Thumb Code     0  startup_stm32f429xx.o(.text)
    FPU_IRQHandler                           0x080001db   Thumb Code     0  startup_stm32f429xx.o(.text)
    HASH_RNG_IRQHandler                      0x080001db   Thumb Code     0  startup_stm32f429xx.o(.text)
    I2C1_ER_IRQHandler                       0x080001db   Thumb Code     0  startup_stm32f429xx.o(.text)
    I2C1_EV_IRQHandler                       0x080001db   Thumb Code     0  startup_stm32f429xx.o(.text)
    I2C2_ER_IRQHandler                       0x080001db   Thumb Code     0  startup_stm32f429xx.o(.text)
    I2C2_EV_IRQHandler                       0x080001db   Thumb Code     0  startup_stm32f429xx.o(.text)
    I2C3_ER_IRQHandler                       0x080001db   Thumb Code     0  startup_stm32f429xx.o(.text)
    I2C3_EV_IRQHandler                       0x080001db   Thumb Code     0  startup_stm32f429xx.o(.text)
    LTDC_ER_IRQHandler                       0x080001db   Thumb Code     0  startup_stm32f429xx.o(.text)
    LTDC_IRQHandler                          0x080001db   Thumb Code     0  startup_stm32f429xx.o(.text)
    OTG_FS_WKUP_IRQHandler                   0x080001db   Thumb Code     0  startup_stm32f429xx.o(.text)
    OTG_HS_EP1_IN_IRQHandler                 0x080001db   Thumb Code     0  startup_stm32f429xx.o(.text)
    OTG_HS_EP1_OUT_IRQHandler                0x080001db   Thumb Code     0  startup_stm32f429xx.o(.text)
    OTG_HS_IRQHandler                        0x080001db   Thumb Code     0  startup_stm32f429xx.o(.text)
    OTG_HS_WKUP_IRQHandler                   0x080001db   Thumb Code     0  startup_stm32f429xx.o(.text)
    PVD_IRQHandler                           0x080001db   Thumb Code     0  startup_stm32f429xx.o(.text)
    RCC_IRQHandler                           0x080001db   Thumb Code     0  startup_stm32f429xx.o(.text)
    RTC_Alarm_IRQHandler                     0x080001db   Thumb Code     0  startup_stm32f429xx.o(.text)
    RTC_WKUP_IRQHandler                      0x080001db   Thumb Code     0  startup_stm32f429xx.o(.text)
    SAI1_IRQHandler                          0x080001db   Thumb Code     0  startup_stm32f429xx.o(.text)
    SDIO_IRQHandler                          0x080001db   Thumb Code     0  startup_stm32f429xx.o(.text)
    SPI1_IRQHandler                          0x080001db   Thumb Code     0  startup_stm32f429xx.o(.text)
    SPI2_IRQHandler                          0x080001db   Thumb Code     0  startup_stm32f429xx.o(.text)
    SPI3_IRQHandler                          0x080001db   Thumb Code     0  startup_stm32f429xx.o(.text)
    SPI4_IRQHandler                          0x080001db   Thumb Code     0  startup_stm32f429xx.o(.text)
    SPI5_IRQHandler                          0x080001db   Thumb Code     0  startup_stm32f429xx.o(.text)
    SPI6_IRQHandler                          0x080001db   Thumb Code     0  startup_stm32f429xx.o(.text)
    TAMP_STAMP_IRQHandler                    0x080001db   Thumb Code     0  startup_stm32f429xx.o(.text)
    TIM1_BRK_TIM9_IRQHandler                 0x080001db   Thumb Code     0  startup_stm32f429xx.o(.text)
    TIM1_CC_IRQHandler                       0x080001db   Thumb Code     0  startup_stm32f429xx.o(.text)
    TIM1_TRG_COM_TIM11_IRQHandler            0x080001db   Thumb Code     0  startup_stm32f429xx.o(.text)
    TIM1_UP_TIM10_IRQHandler                 0x080001db   Thumb Code     0  startup_stm32f429xx.o(.text)
    TIM2_IRQHandler                          0x080001db   Thumb Code     0  startup_stm32f429xx.o(.text)
    TIM3_IRQHandler                          0x080001db   Thumb Code     0  startup_stm32f429xx.o(.text)
    TIM4_IRQHandler                          0x080001db   Thumb Code     0  startup_stm32f429xx.o(.text)
    TIM5_IRQHandler                          0x080001db   Thumb Code     0  startup_stm32f429xx.o(.text)
    TIM6_DAC_IRQHandler                      0x080001db   Thumb Code     0  startup_stm32f429xx.o(.text)
    TIM7_IRQHandler                          0x080001db   Thumb Code     0  startup_stm32f429xx.o(.text)
    TIM8_BRK_TIM12_IRQHandler                0x080001db   Thumb Code     0  startup_stm32f429xx.o(.text)
    TIM8_CC_IRQHandler                       0x080001db   Thumb Code     0  startup_stm32f429xx.o(.text)
    TIM8_TRG_COM_TIM14_IRQHandler            0x080001db   Thumb Code     0  startup_stm32f429xx.o(.text)
    TIM8_UP_TIM13_IRQHandler                 0x080001db   Thumb Code     0  startup_stm32f429xx.o(.text)
    UART4_IRQHandler                         0x080001db   Thumb Code     0  startup_stm32f429xx.o(.text)
    UART5_IRQHandler                         0x080001db   Thumb Code     0  startup_stm32f429xx.o(.text)
    UART7_IRQHandler                         0x080001db   Thumb Code     0  startup_stm32f429xx.o(.text)
    UART8_IRQHandler                         0x080001db   Thumb Code     0  startup_stm32f429xx.o(.text)
    USART1_IRQHandler                        0x080001db   Thumb Code     0  startup_stm32f429xx.o(.text)
    USART2_IRQHandler                        0x080001db   Thumb Code     0  startup_stm32f429xx.o(.text)
    USART3_IRQHandler                        0x080001db   Thumb Code     0  startup_stm32f429xx.o(.text)
    USART6_IRQHandler                        0x080001db   Thumb Code     0  startup_stm32f429xx.o(.text)
    WWDG_IRQHandler                          0x080001db   Thumb Code     0  startup_stm32f429xx.o(.text)
    __aeabi_memcpy                           0x080001e5   Thumb Code    36  memcpya.o(.text)
    __aeabi_memcpy4                          0x080001e5   Thumb Code     0  memcpya.o(.text)
    __aeabi_memcpy8                          0x080001e5   Thumb Code     0  memcpya.o(.text)
    __aeabi_memset                           0x08000209   Thumb Code    14  memseta.o(.text)
    __aeabi_memset4                          0x08000209   Thumb Code     0  memseta.o(.text)
    __aeabi_memset8                          0x08000209   Thumb Code     0  memseta.o(.text)
    __aeabi_memclr                           0x08000217   Thumb Code     4  memseta.o(.text)
    __aeabi_memclr4                          0x08000217   Thumb Code     0  memseta.o(.text)
    __aeabi_memclr8                          0x08000217   Thumb Code     0  memseta.o(.text)
    _memset$wrapper                          0x0800021b   Thumb Code    18  memseta.o(.text)
    __scatterload                            0x0800022d   Thumb Code    28  init.o(.text)
    __scatterload_rt2                        0x0800022d   Thumb Code     0  init.o(.text)
    BusFault_Handler                         0x08000251   Thumb Code     2  stm32f4xx_it.o(i.BusFault_Handler)
    DebugMon_Handler                         0x0800029d   Thumb Code     2  stm32f4xx_it.o(i.DebugMon_Handler)
    FATFS_LinkDriver                         0x0800029f   Thumb Code     6  ff_gen_drv.o(i.FATFS_LinkDriver)
    FATFS_LinkDriverEx                       0x080002a5   Thumb Code    60  ff_gen_drv.o(i.FATFS_LinkDriverEx)
    HAL_Delay                                0x080002e5   Thumb Code    22  stm32f4xx_hal.o(i.HAL_Delay)
    HAL_GPIO_Init                            0x080002fd   Thumb Code   408  stm32f4xx_hal_gpio.o(i.HAL_GPIO_Init)
    HAL_GPIO_WritePin                        0x080004c9   Thumb Code    10  stm32f4xx_hal_gpio.o(i.HAL_GPIO_WritePin)
    HAL_GetTick                              0x080004d5   Thumb Code     6  stm32f4xx_hal.o(i.HAL_GetTick)
    HAL_HCD_Connect_Callback                 0x080004e1   Thumb Code     8  usbh_conf.o(i.HAL_HCD_Connect_Callback)
    HAL_HCD_Disconnect_Callback              0x080004e9   Thumb Code     8  usbh_conf.o(i.HAL_HCD_Disconnect_Callback)
    HAL_HCD_GetCurrentFrame                  0x080004f1   Thumb Code     6  stm32f4xx_hal_hcd.o(i.HAL_HCD_GetCurrentFrame)
    HAL_HCD_GetCurrentSpeed                  0x080004f7   Thumb Code     6  stm32f4xx_hal_hcd.o(i.HAL_HCD_GetCurrentSpeed)
    HAL_HCD_HC_GetURBState                   0x080004fd   Thumb Code    14  stm32f4xx_hal_hcd.o(i.HAL_HCD_HC_GetURBState)
    HAL_HCD_HC_GetXferCount                  0x0800050b   Thumb Code    12  stm32f4xx_hal_hcd.o(i.HAL_HCD_HC_GetXferCount)
    HAL_HCD_HC_Halt                          0x08000517   Thumb Code    36  stm32f4xx_hal_hcd.o(i.HAL_HCD_HC_Halt)
    HAL_HCD_HC_Init                          0x0800053b   Thumb Code    84  stm32f4xx_hal_hcd.o(i.HAL_HCD_HC_Init)
    HAL_HCD_HC_NotifyURBChange_Callback      0x0800058f   Thumb Code     2  usbh_conf.o(i.HAL_HCD_HC_NotifyURBChange_Callback)
    HAL_HCD_HC_SubmitRequest                 0x08000591   Thumb Code   182  stm32f4xx_hal_hcd.o(i.HAL_HCD_HC_SubmitRequest)
    HAL_HCD_IRQHandler                       0x08000649   Thumb Code   302  stm32f4xx_hal_hcd.o(i.HAL_HCD_IRQHandler)
    HAL_HCD_Init                             0x08000777   Thumb Code    90  stm32f4xx_hal_hcd.o(i.HAL_HCD_Init)
    HAL_HCD_MspInit                          0x080007d1   Thumb Code   112  usbh_conf.o(i.HAL_HCD_MspInit)
    HAL_HCD_ResetPort                        0x08000849   Thumb Code     6  stm32f4xx_hal_hcd.o(i.HAL_HCD_ResetPort)
    HAL_HCD_SOF_Callback                     0x0800084f   Thumb Code     8  usbh_conf.o(i.HAL_HCD_SOF_Callback)
    HAL_HCD_Start                            0x08000857   Thumb Code    44  stm32f4xx_hal_hcd.o(i.HAL_HCD_Start)
    HAL_HCD_Stop                             0x08000883   Thumb Code    36  stm32f4xx_hal_hcd.o(i.HAL_HCD_Stop)
    HAL_IncTick                              0x080008a9   Thumb Code    10  stm32f4xx_hal.o(i.HAL_IncTick)
    HAL_Init                                 0x080008b9   Thumb Code    48  stm32f4xx_hal.o(i.HAL_Init)
    HAL_InitTick                             0x080008ed   Thumb Code    34  stm32f4xx_hal.o(i.HAL_InitTick)
    HAL_MspInit                              0x0800090f   Thumb Code    68  stm32f4xx_hal_msp.o(i.HAL_MspInit)
    HAL_NVIC_EnableIRQ                       0x08000953   Thumb Code    22  stm32f4xx_hal_cortex.o(i.HAL_NVIC_EnableIRQ)
    HAL_NVIC_SetPriority                     0x08000969   Thumb Code    60  stm32f4xx_hal_cortex.o(i.HAL_NVIC_SetPriority)
    HAL_NVIC_SetPriorityGrouping             0x080009a9   Thumb Code    26  stm32f4xx_hal_cortex.o(i.HAL_NVIC_SetPriorityGrouping)
    HAL_RCC_ClockConfig                      0x080009cd   Thumb Code   312  stm32f4xx_hal_rcc.o(i.HAL_RCC_ClockConfig)
    HAL_RCC_GetHCLKFreq                      0x08000b0d   Thumb Code    38  stm32f4xx_hal_rcc.o(i.HAL_RCC_GetHCLKFreq)
    HAL_RCC_GetSysClockFreq                  0x08000b41   Thumb Code   104  stm32f4xx_hal_rcc.o(i.HAL_RCC_GetSysClockFreq)
    HAL_RCC_OscConfig                        0x08000bb1   Thumb Code   722  stm32f4xx_hal_rcc.o(i.HAL_RCC_OscConfig)
    HAL_SYSTICK_CLKSourceConfig              0x08000e95   Thumb Code    24  stm32f4xx_hal_cortex.o(i.HAL_SYSTICK_CLKSourceConfig)
    HAL_SYSTICK_Callback                     0x08000ead   Thumb Code     2  stm32f4xx_hal_cortex.o(i.HAL_SYSTICK_Callback)
    HAL_SYSTICK_Config                       0x08000eaf   Thumb Code    40  stm32f4xx_hal_cortex.o(i.HAL_SYSTICK_Config)
    HAL_SYSTICK_IRQHandler                   0x08000ed7   Thumb Code     8  stm32f4xx_hal_cortex.o(i.HAL_SYSTICK_IRQHandler)
    HardFault_Handler                        0x0800145d   Thumb Code     2  stm32f4xx_it.o(i.HardFault_Handler)
    MX_FATFS_Init                            0x08001461   Thumb Code    18  fatfs.o(i.MX_FATFS_Init)
    MX_USB_HOST_Init                         0x0800151d   Thumb Code    30  usb_host.o(i.MX_USB_HOST_Init)
    MX_USB_HOST_Process                      0x08001549   Thumb Code     6  usb_host.o(i.MX_USB_HOST_Process)
    MemManage_Handler                        0x08001555   Thumb Code     2  stm32f4xx_it.o(i.MemManage_Handler)
    NMI_Handler                              0x08001557   Thumb Code     2  stm32f4xx_it.o(i.NMI_Handler)
    OTG_FS_IRQHandler                        0x08001579   Thumb Code     6  stm32f4xx_it.o(i.OTG_FS_IRQHandler)
    SysTick_Handler                          0x08001585   Thumb Code    14  stm32f4xx_it.o(i.SysTick_Handler)
    SystemClock_Config                       0x08001595   Thumb Code   138  main.o(i.SystemClock_Config)
    SystemInit                               0x08001629   Thumb Code    66  system_stm32f4xx.o(i.SystemInit)
    USBH_AllocPipe                           0x0800167d   Thumb Code    52  usbh_pipes.o(i.USBH_AllocPipe)
    USBH_BulkReceiveData                     0x080016b1   Thumb Code    32  usbh_ioreq.o(i.USBH_BulkReceiveData)
    USBH_BulkSendData                        0x080016d1   Thumb Code    40  usbh_ioreq.o(i.USBH_BulkSendData)
    USBH_ClosePipe                           0x080016f9   Thumb Code    10  usbh_pipes.o(i.USBH_ClosePipe)
    USBH_ClrFeature                          0x08001703   Thumb Code    30  usbh_ctlreq.o(i.USBH_ClrFeature)
    USBH_CtlReceiveData                      0x08001721   Thumb Code    30  usbh_ioreq.o(i.USBH_CtlReceiveData)
    USBH_CtlReq                              0x0800173f   Thumb Code    54  usbh_ctlreq.o(i.USBH_CtlReq)
    USBH_CtlSendData                         0x08001775   Thumb Code    40  usbh_ioreq.o(i.USBH_CtlSendData)
    USBH_CtlSendSetup                        0x0800179d   Thumb Code    30  usbh_ioreq.o(i.USBH_CtlSendSetup)
    USBH_Delay                               0x080017bb   Thumb Code     4  usbh_conf.o(i.USBH_Delay)
    USBH_FindInterface                       0x080017bf   Thumb Code    68  usbh_core.o(i.USBH_FindInterface)
    USBH_FreePipe                            0x08001803   Thumb Code    24  usbh_pipes.o(i.USBH_FreePipe)
    USBH_GetDescriptor                       0x0800181b   Thumb Code    52  usbh_ctlreq.o(i.USBH_GetDescriptor)
    USBH_GetNextDesc                         0x0800184f   Thumb Code    14  usbh_ctlreq.o(i.USBH_GetNextDesc)
    USBH_Get_CfgDesc                         0x0800185d   Thumb Code    44  usbh_ctlreq.o(i.USBH_Get_CfgDesc)
    USBH_Get_DevDesc                         0x08001889   Thumb Code   154  usbh_ctlreq.o(i.USBH_Get_DevDesc)
    USBH_Get_StringDesc                      0x08001923   Thumb Code    72  usbh_ctlreq.o(i.USBH_Get_StringDesc)
    USBH_Init                                0x08001bdb   Thumb Code    48  usbh_core.o(i.USBH_Init)
    USBH_LL_ClosePipe                        0x08001c0b   Thumb Code    14  usbh_conf.o(i.USBH_LL_ClosePipe)
    USBH_LL_Connect                          0x08001c19   Thumb Code    40  usbh_core.o(i.USBH_LL_Connect)
    USBH_LL_Disconnect                       0x08001c41   Thumb Code    56  usbh_core.o(i.USBH_LL_Disconnect)
    USBH_LL_DriverVBUS                       0x08001c79   Thumb Code    12  usbh_conf.o(i.USBH_LL_DriverVBUS)
    USBH_LL_GetLastXferSize                  0x08001c85   Thumb Code     8  usbh_conf.o(i.USBH_LL_GetLastXferSize)
    USBH_LL_GetSpeed                         0x08001c8d   Thumb Code    34  usbh_conf.o(i.USBH_LL_GetSpeed)
    USBH_LL_GetToggle                        0x08001caf   Thumb Code    30  usbh_conf.o(i.USBH_LL_GetToggle)
    USBH_LL_GetURBState                      0x08001ccd   Thumb Code     8  usbh_conf.o(i.USBH_LL_GetURBState)
    USBH_LL_IncTimer                         0x08001cd5   Thumb Code    30  usbh_core.o(i.USBH_LL_IncTimer)
    USBH_LL_Init                             0x08001cf5   Thumb Code    68  usbh_conf.o(i.USBH_LL_Init)
    USBH_LL_OpenPipe                         0x08001d3d   Thumb Code    24  usbh_conf.o(i.USBH_LL_OpenPipe)
    USBH_LL_ResetPort                        0x08001d55   Thumb Code    14  usbh_conf.o(i.USBH_LL_ResetPort)
    USBH_LL_SetTimer                         0x08001d63   Thumb Code     6  usbh_core.o(i.USBH_LL_SetTimer)
    USBH_LL_SetToggle                        0x08001d69   Thumb Code    32  usbh_conf.o(i.USBH_LL_SetToggle)
    USBH_LL_Start                            0x08001d89   Thumb Code    14  usbh_conf.o(i.USBH_LL_Start)
    USBH_LL_Stop                             0x08001d97   Thumb Code    14  usbh_conf.o(i.USBH_LL_Stop)
    USBH_LL_SubmitURB                        0x08001da5   Thumb Code    32  usbh_conf.o(i.USBH_LL_SubmitURB)
    USBH_MSC_BOT_Init                        0x08001de5   Thumb Code    26  usbh_msc_bot.o(i.USBH_MSC_BOT_Init)
    USBH_MSC_BOT_Process                     0x08001e09   Thumb Code   470  usbh_msc_bot.o(i.USBH_MSC_BOT_Process)
    USBH_MSC_BOT_REQ_GetMaxLUN               0x08001fe5   Thumb Code    22  usbh_msc_bot.o(i.USBH_MSC_BOT_REQ_GetMaxLUN)
    USBH_MSC_BOT_REQ_Reset                   0x08001ffb   Thumb Code    22  usbh_msc_bot.o(i.USBH_MSC_BOT_REQ_Reset)
    USBH_MSC_GetLUNInfo                      0x0800207d   Thumb Code    46  usbh_msc.o(i.USBH_MSC_GetLUNInfo)
    USBH_MSC_Read                            0x0800255f   Thumb Code   138  usbh_msc.o(i.USBH_MSC_Read)
    USBH_MSC_SCSI_Inquiry                    0x080025e9   Thumb Code   192  usbh_msc_scsi.o(i.USBH_MSC_SCSI_Inquiry)
    USBH_MSC_SCSI_Read                       0x080026a9   Thumb Code   124  usbh_msc_scsi.o(i.USBH_MSC_SCSI_Read)
    USBH_MSC_SCSI_ReadCapacity               0x08002725   Thumb Code   122  usbh_msc_scsi.o(i.USBH_MSC_SCSI_ReadCapacity)
    USBH_MSC_SCSI_RequestSense               0x0800279f   Thumb Code   146  usbh_msc_scsi.o(i.USBH_MSC_SCSI_RequestSense)
    USBH_MSC_SCSI_TestUnitReady              0x08002831   Thumb Code    76  usbh_msc_scsi.o(i.USBH_MSC_SCSI_TestUnitReady)
    USBH_MSC_SCSI_Write                      0x0800287d   Thumb Code   124  usbh_msc_scsi.o(i.USBH_MSC_SCSI_Write)
    USBH_MSC_UnitIsReady                     0x080028fd   Thumb Code    38  usbh_msc.o(i.USBH_MSC_UnitIsReady)
    USBH_MSC_Write                           0x08002923   Thumb Code   138  usbh_msc.o(i.USBH_MSC_Write)
    USBH_OpenPipe                            0x080029ad   Thumb Code    20  usbh_pipes.o(i.USBH_OpenPipe)
    USBH_Process                             0x08002aa9   Thumb Code   360  usbh_core.o(i.USBH_Process)
    USBH_RegisterClass                       0x08002c11   Thumb Code    28  usbh_core.o(i.USBH_RegisterClass)
    USBH_SelectInterface                     0x08002c2d   Thumb Code    22  usbh_core.o(i.USBH_SelectInterface)
    USBH_SetAddress                          0x08002c43   Thumb Code    28  usbh_ctlreq.o(i.USBH_SetAddress)
    USBH_SetCfg                              0x08002c5f   Thumb Code    28  usbh_ctlreq.o(i.USBH_SetCfg)
    USBH_Start                               0x08002c7b   Thumb Code    20  usbh_core.o(i.USBH_Start)
    USBH_initialize                          0x08002cb1   Thumb Code     4  usbh_diskio.o(i.USBH_initialize)
    USBH_ioctl                               0x08002cb5   Thumb Code    74  usbh_diskio.o(i.USBH_ioctl)
    USBH_read                                0x08002d05   Thumb Code    66  usbh_diskio.o(i.USBH_read)
    USBH_status                              0x08002d4d   Thumb Code    20  usbh_diskio.o(i.USBH_status)
    USBH_write                               0x08002d65   Thumb Code    74  usbh_diskio.o(i.USBH_write)
    USB_CoreInit                             0x08002db5   Thumb Code   104  stm32f4xx_ll_usb.o(i.USB_CoreInit)
    USB_DisableGlobalInt                     0x08002e59   Thumb Code    12  stm32f4xx_ll_usb.o(i.USB_DisableGlobalInt)
    USB_DoPing                               0x08002e65   Thumb Code    60  stm32f4xx_ll_usb.o(i.USB_DoPing)
    USB_DriveVbus                            0x08002ea5   Thumb Code    44  stm32f4xx_ll_usb.o(i.USB_DriveVbus)
    USB_EnableGlobalInt                      0x08002ed1   Thumb Code    12  stm32f4xx_ll_usb.o(i.USB_EnableGlobalInt)
    USB_FlushRxFifo                          0x08002edd   Thumb Code    28  stm32f4xx_ll_usb.o(i.USB_FlushRxFifo)
    USB_FlushTxFifo                          0x08002efd   Thumb Code    32  stm32f4xx_ll_usb.o(i.USB_FlushTxFifo)
    USB_GetCurrentFrame                      0x08002f21   Thumb Code     8  stm32f4xx_ll_usb.o(i.USB_GetCurrentFrame)
    USB_GetHostSpeed                         0x08002f29   Thumb Code    14  stm32f4xx_ll_usb.o(i.USB_GetHostSpeed)
    USB_GetMode                              0x08002f37   Thumb Code     8  stm32f4xx_ll_usb.o(i.USB_GetMode)
    USB_HC_Halt                              0x08002f3f   Thumb Code   376  stm32f4xx_ll_usb.o(i.USB_HC_Halt)
    USB_HC_Init                              0x080030b9   Thumb Code   234  stm32f4xx_ll_usb.o(i.USB_HC_Init)
    USB_HC_ReadInterrupt                     0x080031a3   Thumb Code    12  stm32f4xx_ll_usb.o(i.USB_HC_ReadInterrupt)
    USB_HC_StartXfer                         0x080031b1   Thumb Code   386  stm32f4xx_ll_usb.o(i.USB_HC_StartXfer)
    USB_HostInit                             0x08003339   Thumb Code   192  stm32f4xx_ll_usb.o(i.USB_HostInit)
    USB_InitFSLSPClkSel                      0x0800340d   Thumb Code    54  stm32f4xx_ll_usb.o(i.USB_InitFSLSPClkSel)
    USB_ReadInterrupts                       0x08003443   Thumb Code     8  stm32f4xx_ll_usb.o(i.USB_ReadInterrupts)
    USB_ReadPacket                           0x0800344b   Thumb Code    32  stm32f4xx_ll_usb.o(i.USB_ReadPacket)
    USB_ResetPort                            0x0800346b   Thumb Code    44  stm32f4xx_ll_usb.o(i.USB_ResetPort)
    USB_SetCurrentMode                       0x08003497   Thumb Code    44  stm32f4xx_ll_usb.o(i.USB_SetCurrentMode)
    USB_StopHost                             0x080034c3   Thumb Code   178  stm32f4xx_ll_usb.o(i.USB_StopHost)
    USB_WritePacket                          0x08003575   Thumb Code    40  stm32f4xx_ll_usb.o(i.USB_WritePacket)
    UsageFault_Handler                       0x0800359d   Thumb Code     2  stm32f4xx_it.o(i.UsageFault_Handler)
    __scatterload_copy                       0x0800359f   Thumb Code    14  handlers.o(i.__scatterload_copy)
    __scatterload_null                       0x080035ad   Thumb Code     2  handlers.o(i.__scatterload_null)
    __scatterload_zeroinit                   0x080035af   Thumb Code    14  handlers.o(i.__scatterload_zeroinit)
    free                                     0x080035bd   Thumb Code    76  malloc.o(i.free)
    main                                     0x0800360d   Thumb Code    26  main.o(i.main)
    malloc                                   0x08003629   Thumb Code    92  malloc.o(i.malloc)
    APBAHBPrescTable                         0x08003694   Data          16  stm32f4xx_hal_rcc.o(.constdata)
    USBH_Driver                              0x080036a4   Data          20  usbh_diskio.o(.constdata)
    Region$$Table$$Base                      0x080036bc   Number         0  anon$$obj.o(Region$$Table)
    Region$$Table$$Limit                     0x080036dc   Number         0  anon$$obj.o(Region$$Table)
    retUSBH                                  0x20000000   Data           1  fatfs.o(.data)
    USBH_Path                                0x20000001   Data           4  fatfs.o(.data)
    Appli_state                              0x20000005   Data           1  usb_host.o(.data)
    SystemCoreClock                          0x20000008   Data           4  system_stm32f4xx.o(.data)
    uwTick                                   0x2000000c   Data           4  stm32f4xx_hal.o(.data)
    USBH_msc                                 0x20000010   Data          32  usbh_msc.o(.data)
    __microlib_freelist                      0x20000030   Data           4  mvars.o(.data)
    __microlib_freelist_initialised          0x20000034   Data           4  mvars.o(.data)
    hhcd_USB_OTG_FS                          0x20000038   Data         664  usbh_conf.o(.bss)
    hUsbHostFS                               0x200002d0   Data         968  usb_host.o(.bss)
    disk                                     0x20000698   Data          12  ff_gen_drv.o(.bss)
    __heap_base                              0x200006a8   Data           0  startup_stm32f429xx.o(HEAP)
    __heap_limit                             0x200008a8   Data           0  startup_stm32f429xx.o(HEAP)
    __initial_sp                             0x20000ca8   Data           0  startup_stm32f429xx.o(STACK)



==============================================================================

Memory Map of the image

  Image Entry point : 0x080001ad

  Load Region LR_IROM1 (Base: 0x08000000, Size: 0x00003714, Max: 0x00200000, ABSOLUTE)

    Execution Region ER_IROM1 (Base: 0x08000000, Size: 0x000036dc, Max: 0x00200000, ABSOLUTE)

    Base Addr    Size         Type   Attr      Idx    E Section Name        Object

    0x08000000   0x000001ac   Data   RO         2067    RESET               startup_stm32f429xx.o
    0x080001ac   0x00000000   Code   RO         3105  * .ARM.Collect$$$$00000000  mc_w.l(entry.o)
    0x080001ac   0x00000004   Code   RO         3142    .ARM.Collect$$$$00000001  mc_w.l(entry2.o)
    0x080001b0   0x00000004   Code   RO         3145    .ARM.Collect$$$$00000004  mc_w.l(entry5.o)
    0x080001b4   0x00000000   Code   RO         3147    .ARM.Collect$$$$00000008  mc_w.l(entry7b.o)
    0x080001b4   0x00000000   Code   RO         3149    .ARM.Collect$$$$0000000A  mc_w.l(entry8b.o)
    0x080001b4   0x00000008   Code   RO         3150    .ARM.Collect$$$$0000000B  mc_w.l(entry9a.o)
    0x080001bc   0x00000000   Code   RO         3152    .ARM.Collect$$$$0000000D  mc_w.l(entry10a.o)
    0x080001bc   0x00000000   Code   RO         3154    .ARM.Collect$$$$0000000F  mc_w.l(entry11a.o)
    0x080001bc   0x00000004   Code   RO         3143    .ARM.Collect$$$$00002712  mc_w.l(entry2.o)
    0x080001c0   0x00000024   Code   RO         2068    .text               startup_stm32f429xx.o
    0x080001e4   0x00000024   Code   RO         3108    .text               mc_w.l(memcpya.o)
    0x08000208   0x00000024   Code   RO         3110    .text               mc_w.l(memseta.o)
    0x0800022c   0x00000024   Code   RO         3158    .text               mc_w.l(init.o)
    0x08000250   0x00000002   Code   RO            4    i.BusFault_Handler  stm32f4xx_it.o
    0x08000252   0x00000002   PAD
    0x08000254   0x00000048   Code   RO         2991    i.DeInitStateMachine  usbh_core.o
    0x0800029c   0x00000002   Code   RO            5    i.DebugMon_Handler  stm32f4xx_it.o
    0x0800029e   0x00000006   Code   RO         2547    i.FATFS_LinkDriver  ff_gen_drv.o
    0x080002a4   0x00000040   Code   RO         2548    i.FATFS_LinkDriverEx  ff_gen_drv.o
    0x080002e4   0x00000016   Code   RO          697    i.HAL_Delay         stm32f4xx_hal.o
    0x080002fa   0x00000002   PAD
    0x080002fc   0x000001cc   Code   RO         1558    i.HAL_GPIO_Init     stm32f4xx_hal_gpio.o
    0x080004c8   0x0000000a   Code   RO         1562    i.HAL_GPIO_WritePin  stm32f4xx_hal_gpio.o
    0x080004d2   0x00000002   PAD
    0x080004d4   0x0000000c   Code   RO          705    i.HAL_GetTick       stm32f4xx_hal.o
    0x080004e0   0x00000008   Code   RO          321    i.HAL_HCD_Connect_Callback  usbh_conf.o
    0x080004e8   0x00000008   Code   RO          322    i.HAL_HCD_Disconnect_Callback  usbh_conf.o
    0x080004f0   0x00000006   Code   RO         1907    i.HAL_HCD_GetCurrentFrame  stm32f4xx_hal_hcd.o
    0x080004f6   0x00000006   Code   RO         1908    i.HAL_HCD_GetCurrentSpeed  stm32f4xx_hal_hcd.o
    0x080004fc   0x0000000e   Code   RO         1911    i.HAL_HCD_HC_GetURBState  stm32f4xx_hal_hcd.o
    0x0800050a   0x0000000c   Code   RO         1912    i.HAL_HCD_HC_GetXferCount  stm32f4xx_hal_hcd.o
    0x08000516   0x00000024   Code   RO         1913    i.HAL_HCD_HC_Halt   stm32f4xx_hal_hcd.o
    0x0800053a   0x00000054   Code   RO         1914    i.HAL_HCD_HC_Init   stm32f4xx_hal_hcd.o
    0x0800058e   0x00000002   Code   RO          323    i.HAL_HCD_HC_NotifyURBChange_Callback  usbh_conf.o
    0x08000590   0x000000b6   Code   RO         1916    i.HAL_HCD_HC_SubmitRequest  stm32f4xx_hal_hcd.o
    0x08000646   0x00000002   PAD
    0x08000648   0x0000012e   Code   RO         1917    i.HAL_HCD_IRQHandler  stm32f4xx_hal_hcd.o
    0x08000776   0x0000005a   Code   RO         1918    i.HAL_HCD_Init      stm32f4xx_hal_hcd.o
    0x080007d0   0x00000078   Code   RO          325    i.HAL_HCD_MspInit   usbh_conf.o
    0x08000848   0x00000006   Code   RO         1921    i.HAL_HCD_ResetPort  stm32f4xx_hal_hcd.o
    0x0800084e   0x00000008   Code   RO          326    i.HAL_HCD_SOF_Callback  usbh_conf.o
    0x08000856   0x0000002c   Code   RO         1923    i.HAL_HCD_Start     stm32f4xx_hal_hcd.o
    0x08000882   0x00000024   Code   RO         1924    i.HAL_HCD_Stop      stm32f4xx_hal_hcd.o
    0x080008a6   0x00000002   PAD
    0x080008a8   0x00000010   Code   RO          706    i.HAL_IncTick       stm32f4xx_hal.o
    0x080008b8   0x00000034   Code   RO          707    i.HAL_Init          stm32f4xx_hal.o
    0x080008ec   0x00000022   Code   RO          708    i.HAL_InitTick      stm32f4xx_hal.o
    0x0800090e   0x00000044   Code   RO          164    i.HAL_MspInit       stm32f4xx_hal_msp.o
    0x08000952   0x00000016   Code   RO          970    i.HAL_NVIC_EnableIRQ  stm32f4xx_hal_cortex.o
    0x08000968   0x00000040   Code   RO          976    i.HAL_NVIC_SetPriority  stm32f4xx_hal_cortex.o
    0x080009a8   0x00000024   Code   RO          977    i.HAL_NVIC_SetPriorityGrouping  stm32f4xx_hal_cortex.o
    0x080009cc   0x00000140   Code   RO          545    i.HAL_RCC_ClockConfig  stm32f4xx_hal_rcc.o
    0x08000b0c   0x00000034   Code   RO          550    i.HAL_RCC_GetHCLKFreq  stm32f4xx_hal_rcc.o
    0x08000b40   0x00000070   Code   RO          554    i.HAL_RCC_GetSysClockFreq  stm32f4xx_hal_rcc.o
    0x08000bb0   0x000002e4   Code   RO          557    i.HAL_RCC_OscConfig  stm32f4xx_hal_rcc.o
    0x08000e94   0x00000018   Code   RO          979    i.HAL_SYSTICK_CLKSourceConfig  stm32f4xx_hal_cortex.o
    0x08000eac   0x00000002   Code   RO          980    i.HAL_SYSTICK_Callback  stm32f4xx_hal_cortex.o
    0x08000eae   0x00000028   Code   RO          981    i.HAL_SYSTICK_Config  stm32f4xx_hal_cortex.o
    0x08000ed6   0x00000008   Code   RO          982    i.HAL_SYSTICK_IRQHandler  stm32f4xx_hal_cortex.o
    0x08000ede   0x00000232   Code   RO         1925    i.HCD_HC_IN_IRQHandler  stm32f4xx_hal_hcd.o
    0x08001110   0x0000022c   Code   RO         1926    i.HCD_HC_OUT_IRQHandler  stm32f4xx_hal_hcd.o
    0x0800133c   0x000000b0   Code   RO         1927    i.HCD_Port_IRQHandler  stm32f4xx_hal_hcd.o
    0x080013ec   0x00000070   Code   RO         1928    i.HCD_RXQLVL_IRQHandler  stm32f4xx_hal_hcd.o
    0x0800145c   0x00000002   Code   RO            6    i.HardFault_Handler  stm32f4xx_it.o
    0x0800145e   0x00000002   PAD
    0x08001460   0x0000001c   Code   RO          285    i.MX_FATFS_Init     fatfs.o
    0x0800147c   0x000000a0   Code   RO          188    i.MX_GPIO_Init      main.o
    0x0800151c   0x0000002c   Code   RO          468    i.MX_USB_HOST_Init  usb_host.o
    0x08001548   0x0000000c   Code   RO          469    i.MX_USB_HOST_Process  usb_host.o
    0x08001554   0x00000002   Code   RO            7    i.MemManage_Handler  stm32f4xx_it.o
    0x08001556   0x00000002   Code   RO            8    i.NMI_Handler       stm32f4xx_it.o
    0x08001558   0x00000020   Code   RO          983    i.NVIC_SetPriority  stm32f4xx_hal_cortex.o
    0x08001578   0x0000000c   Code   RO            9    i.OTG_FS_IRQHandler  stm32f4xx_it.o
    0x08001584   0x0000000e   Code   RO           10    i.SysTick_Handler   stm32f4xx_it.o
    0x08001592   0x00000002   PAD
    0x08001594   0x00000094   Code   RO          189    i.SystemClock_Config  main.o
    0x08001628   0x00000054   Code   RO          508    i.SystemInit        system_stm32f4xx.o
    0x0800167c   0x00000034   Code   RO         2716    i.USBH_AllocPipe    usbh_pipes.o
    0x080016b0   0x00000020   Code   RO         2644    i.USBH_BulkReceiveData  usbh_ioreq.o
    0x080016d0   0x00000028   Code   RO         2645    i.USBH_BulkSendData  usbh_ioreq.o
    0x080016f8   0x0000000a   Code   RO         2717    i.USBH_ClosePipe    usbh_pipes.o
    0x08001702   0x0000001e   Code   RO         2903    i.USBH_ClrFeature   usbh_ctlreq.o
    0x08001720   0x0000001e   Code   RO         2646    i.USBH_CtlReceiveData  usbh_ioreq.o
    0x0800173e   0x00000036   Code   RO         2904    i.USBH_CtlReq       usbh_ctlreq.o
    0x08001774   0x00000028   Code   RO         2647    i.USBH_CtlSendData  usbh_ioreq.o
    0x0800179c   0x0000001e   Code   RO         2648    i.USBH_CtlSendSetup  usbh_ioreq.o
    0x080017ba   0x00000004   Code   RO          327    i.USBH_Delay        usbh_conf.o
    0x080017be   0x00000044   Code   RO         2993    i.USBH_FindInterface  usbh_core.o
    0x08001802   0x00000018   Code   RO         2718    i.USBH_FreePipe     usbh_pipes.o
    0x0800181a   0x00000034   Code   RO         2905    i.USBH_GetDescriptor  usbh_ctlreq.o
    0x0800184e   0x0000000e   Code   RO         2906    i.USBH_GetNextDesc  usbh_ctlreq.o
    0x0800185c   0x0000002c   Code   RO         2907    i.USBH_Get_CfgDesc  usbh_ctlreq.o
    0x08001888   0x0000009a   Code   RO         2908    i.USBH_Get_DevDesc  usbh_ctlreq.o
    0x08001922   0x00000048   Code   RO         2909    i.USBH_Get_StringDesc  usbh_ctlreq.o
    0x0800196a   0x0000017e   Code   RO         2910    i.USBH_HandleControl  usbh_ctlreq.o
    0x08001ae8   0x000000f2   Code   RO         2996    i.USBH_HandleEnum   usbh_core.o
    0x08001bda   0x00000030   Code   RO         2997    i.USBH_Init         usbh_core.o
    0x08001c0a   0x0000000e   Code   RO          328    i.USBH_LL_ClosePipe  usbh_conf.o
    0x08001c18   0x00000028   Code   RO         2998    i.USBH_LL_Connect   usbh_core.o
    0x08001c40   0x00000038   Code   RO         2999    i.USBH_LL_Disconnect  usbh_core.o
    0x08001c78   0x0000000c   Code   RO          330    i.USBH_LL_DriverVBUS  usbh_conf.o
    0x08001c84   0x00000008   Code   RO          331    i.USBH_LL_GetLastXferSize  usbh_conf.o
    0x08001c8c   0x00000022   Code   RO          332    i.USBH_LL_GetSpeed  usbh_conf.o
    0x08001cae   0x0000001e   Code   RO          333    i.USBH_LL_GetToggle  usbh_conf.o
    0x08001ccc   0x00000008   Code   RO          334    i.USBH_LL_GetURBState  usbh_conf.o
    0x08001cd4   0x0000001e   Code   RO         3000    i.USBH_LL_IncTimer  usbh_core.o
    0x08001cf2   0x00000002   PAD
    0x08001cf4   0x00000048   Code   RO          335    i.USBH_LL_Init      usbh_conf.o
    0x08001d3c   0x00000018   Code   RO          336    i.USBH_LL_OpenPipe  usbh_conf.o
    0x08001d54   0x0000000e   Code   RO          337    i.USBH_LL_ResetPort  usbh_conf.o
    0x08001d62   0x00000006   Code   RO         3001    i.USBH_LL_SetTimer  usbh_core.o
    0x08001d68   0x00000020   Code   RO          338    i.USBH_LL_SetToggle  usbh_conf.o
    0x08001d88   0x0000000e   Code   RO          339    i.USBH_LL_Start     usbh_conf.o
    0x08001d96   0x0000000e   Code   RO          340    i.USBH_LL_Stop      usbh_conf.o
    0x08001da4   0x00000020   Code   RO          341    i.USBH_LL_SubmitURB  usbh_conf.o
    0x08001dc4   0x0000001e   Code   RO         2597    i.USBH_MSC_BOT_Abort  usbh_msc_bot.o
    0x08001de2   0x00000002   PAD
    0x08001de4   0x00000024   Code   RO         2598    i.USBH_MSC_BOT_Init  usbh_msc_bot.o
    0x08001e08   0x000001dc   Code   RO         2599    i.USBH_MSC_BOT_Process  usbh_msc_bot.o
    0x08001fe4   0x00000016   Code   RO         2600    i.USBH_MSC_BOT_REQ_GetMaxLUN  usbh_msc_bot.o
    0x08001ffa   0x00000016   Code   RO         2601    i.USBH_MSC_BOT_REQ_Reset  usbh_msc_bot.o
    0x08002010   0x0000006c   Code   RO         2758    i.USBH_MSC_ClassRequest  usbh_msc.o
    0x0800207c   0x0000002e   Code   RO         2759    i.USBH_MSC_GetLUNInfo  usbh_msc.o
    0x080020aa   0x0000004a   Code   RO         2761    i.USBH_MSC_InterfaceDeInit  usbh_msc.o
    0x080020f4   0x0000014c   Code   RO         2762    i.USBH_MSC_InterfaceInit  usbh_msc.o
    0x08002240   0x00000290   Code   RO         2764    i.USBH_MSC_Process  usbh_msc.o
    0x080024d0   0x0000008e   Code   RO         2765    i.USBH_MSC_RdWrProcess  usbh_msc.o
    0x0800255e   0x0000008a   Code   RO         2766    i.USBH_MSC_Read     usbh_msc.o
    0x080025e8   0x000000c0   Code   RO         2849    i.USBH_MSC_SCSI_Inquiry  usbh_msc_scsi.o
    0x080026a8   0x0000007c   Code   RO         2850    i.USBH_MSC_SCSI_Read  usbh_msc_scsi.o
    0x08002724   0x0000007a   Code   RO         2851    i.USBH_MSC_SCSI_ReadCapacity  usbh_msc_scsi.o
    0x0800279e   0x00000092   Code   RO         2852    i.USBH_MSC_SCSI_RequestSense  usbh_msc_scsi.o
    0x08002830   0x0000004c   Code   RO         2853    i.USBH_MSC_SCSI_TestUnitReady  usbh_msc_scsi.o
    0x0800287c   0x0000007c   Code   RO         2854    i.USBH_MSC_SCSI_Write  usbh_msc_scsi.o
    0x080028f8   0x00000004   Code   RO         2767    i.USBH_MSC_SOFProcess  usbh_msc.o
    0x080028fc   0x00000026   Code   RO         2768    i.USBH_MSC_UnitIsReady  usbh_msc.o
    0x08002922   0x0000008a   Code   RO         2769    i.USBH_MSC_Write    usbh_msc.o
    0x080029ac   0x00000014   Code   RO         2719    i.USBH_OpenPipe     usbh_pipes.o
    0x080029c0   0x000000e8   Code   RO         2911    i.USBH_ParseCfgDesc  usbh_ctlreq.o
    0x08002aa8   0x00000168   Code   RO         3002    i.USBH_Process      usbh_core.o
    0x08002c10   0x0000001c   Code   RO         3004    i.USBH_RegisterClass  usbh_core.o
    0x08002c2c   0x00000016   Code   RO         3005    i.USBH_SelectInterface  usbh_core.o
    0x08002c42   0x0000001c   Code   RO         2912    i.USBH_SetAddress   usbh_ctlreq.o
    0x08002c5e   0x0000001c   Code   RO         2913    i.USBH_SetCfg       usbh_ctlreq.o
    0x08002c7a   0x00000014   Code   RO         3006    i.USBH_Start        usbh_core.o
    0x08002c8e   0x00000002   PAD
    0x08002c90   0x00000020   Code   RO          470    i.USBH_UserProcess  usb_host.o
    0x08002cb0   0x00000004   Code   RO         2484    i.USBH_initialize   usbh_diskio.o
    0x08002cb4   0x00000050   Code   RO         2485    i.USBH_ioctl        usbh_diskio.o
    0x08002d04   0x00000048   Code   RO         2486    i.USBH_read         usbh_diskio.o
    0x08002d4c   0x00000018   Code   RO         2487    i.USBH_status       usbh_diskio.o
    0x08002d64   0x00000050   Code   RO         2488    i.USBH_write        usbh_diskio.o
    0x08002db4   0x0000006c   Code   RO         1625    i.USB_CoreInit      stm32f4xx_ll_usb.o
    0x08002e20   0x00000038   Code   RO         1626    i.USB_CoreReset     stm32f4xx_ll_usb.o
    0x08002e58   0x0000000c   Code   RO         1632    i.USB_DisableGlobalInt  stm32f4xx_ll_usb.o
    0x08002e64   0x00000040   Code   RO         1633    i.USB_DoPing        stm32f4xx_ll_usb.o
    0x08002ea4   0x0000002c   Code   RO         1634    i.USB_DriveVbus     stm32f4xx_ll_usb.o
    0x08002ed0   0x0000000c   Code   RO         1640    i.USB_EnableGlobalInt  stm32f4xx_ll_usb.o
    0x08002edc   0x00000020   Code   RO         1641    i.USB_FlushRxFifo   stm32f4xx_ll_usb.o
    0x08002efc   0x00000024   Code   RO         1642    i.USB_FlushTxFifo   stm32f4xx_ll_usb.o
    0x08002f20   0x00000008   Code   RO         1643    i.USB_GetCurrentFrame  stm32f4xx_ll_usb.o
    0x08002f28   0x0000000e   Code   RO         1645    i.USB_GetHostSpeed  stm32f4xx_ll_usb.o
    0x08002f36   0x00000008   Code   RO         1646    i.USB_GetMode       stm32f4xx_ll_usb.o
    0x08002f3e   0x00000178   Code   RO         1647    i.USB_HC_Halt       stm32f4xx_ll_usb.o
    0x080030b6   0x00000002   PAD
    0x080030b8   0x000000ea   Code   RO         1648    i.USB_HC_Init       stm32f4xx_ll_usb.o
    0x080031a2   0x0000000c   Code   RO         1649    i.USB_HC_ReadInterrupt  stm32f4xx_ll_usb.o
    0x080031ae   0x00000002   PAD
    0x080031b0   0x00000188   Code   RO         1650    i.USB_HC_StartXfer  stm32f4xx_ll_usb.o
    0x08003338   0x000000d4   Code   RO         1651    i.USB_HostInit      stm32f4xx_ll_usb.o
    0x0800340c   0x00000036   Code   RO         1652    i.USB_InitFSLSPClkSel  stm32f4xx_ll_usb.o
    0x08003442   0x00000008   Code   RO         1657    i.USB_ReadInterrupts  stm32f4xx_ll_usb.o
    0x0800344a   0x00000020   Code   RO         1658    i.USB_ReadPacket    stm32f4xx_ll_usb.o
    0x0800346a   0x0000002c   Code   RO         1659    i.USB_ResetPort     stm32f4xx_ll_usb.o
    0x08003496   0x0000002c   Code   RO         1660    i.USB_SetCurrentMode  stm32f4xx_ll_usb.o
    0x080034c2   0x000000b2   Code   RO         1664    i.USB_StopHost      stm32f4xx_ll_usb.o
    0x08003574   0x00000028   Code   RO         1665    i.USB_WritePacket   stm32f4xx_ll_usb.o
    0x0800359c   0x00000002   Code   RO           11    i.UsageFault_Handler  stm32f4xx_it.o
    0x0800359e   0x0000000e   Code   RO         3162    i.__scatterload_copy  mc_w.l(handlers.o)
    0x080035ac   0x00000002   Code   RO         3163    i.__scatterload_null  mc_w.l(handlers.o)
    0x080035ae   0x0000000e   Code   RO         3164    i.__scatterload_zeroinit  mc_w.l(handlers.o)
    0x080035bc   0x00000050   Code   RO         3114    i.free              mc_w.l(malloc.o)
    0x0800360c   0x0000001a   Code   RO          190    i.main              main.o
    0x08003626   0x00000002   PAD
    0x08003628   0x0000006c   Code   RO         3115    i.malloc            mc_w.l(malloc.o)
    0x08003694   0x00000010   Data   RO          558    .constdata          stm32f4xx_hal_rcc.o
    0x080036a4   0x00000014   Data   RO         2489    .constdata          usbh_diskio.o
    0x080036b8   0x00000004   Data   RO         2770    .conststring        usbh_msc.o
    0x080036bc   0x00000020   Data   RO         3160    Region$$Table       anon$$obj.o


    Execution Region RW_IRAM1 (Base: 0x20000000, Size: 0x00000ca8, Max: 0x00030000, ABSOLUTE)

    Base Addr    Size         Type   Attr      Idx    E Section Name        Object

    0x20000000   0x00000005   Data   RW          287    .data               fatfs.o
    0x20000005   0x00000001   Data   RW          472    .data               usb_host.o
    0x20000006   0x00000002   PAD
    0x20000008   0x00000004   Data   RW          510    .data               system_stm32f4xx.o
    0x2000000c   0x00000004   Data   RW          713    .data               stm32f4xx_hal.o
    0x20000010   0x00000020   Data   RW         2771    .data               usbh_msc.o
    0x20000030   0x00000004   Data   RW         3156    .data               mc_w.l(mvars.o)
    0x20000034   0x00000004   Data   RW         3157    .data               mc_w.l(mvars.o)
    0x20000038   0x00000298   Zero   RW          342    .bss                usbh_conf.o
    0x200002d0   0x000003c8   Zero   RW          471    .bss                usb_host.o
    0x20000698   0x0000000c   Zero   RW         2551    .bss                ff_gen_drv.o
    0x200006a4   0x00000004   PAD
    0x200006a8   0x00000200   Zero   RW         2066    HEAP                startup_stm32f429xx.o
    0x200008a8   0x00000400   Zero   RW         2065    STACK               startup_stm32f429xx.o


==============================================================================

Image component sizes


      Code (inc. data)   RO Data    RW Data    ZI Data      Debug   Object Name

        28         10          0          5          0        956   fatfs.o
        70          4          0          0         12       1631   ff_gen_drv.o
       334         24          0          0          0      17845   main.o
        36          8        428          0       1536        804   startup_stm32f429xx.o
       136         16          0          4          0       4199   stm32f4xx_hal.o
       228         14          0          0          0      32145   stm32f4xx_hal_cortex.o
       470         52          0          0          0       2536   stm32f4xx_hal_gpio.o
      2224          4          0          0          0      13433   stm32f4xx_hal_hcd.o
        68          0          0          0          0        514   stm32f4xx_hal_msp.o
      1224         48         16          0          0       4737   stm32f4xx_hal_rcc.o
        38          6          0          0          0     366923   stm32f4xx_it.o
      2020         48          0          0          0      17207   stm32f4xx_ll_usb.o
        84         18          0          4          0       1337   system_stm32f4xx.o
        88         24          0          1        968       2074   usb_host.o
       458         12          0          0        664      11288   usbh_conf.o
       992         20          0          0          0       9628   usbh_core.o
      1090         12          0          0          0       9944   usbh_ctlreq.o
       260         22         20          0          0       4609   usbh_diskio.o
       172          0          0          0          0       4348   usbh_ioreq.o
      1676         10          4         32          0      10737   usbh_msc.o
       586         28          0          0          0       4817   usbh_msc_bot.o
       784          0          0          0          0       6259   usbh_msc_scsi.o
       106          0          0          0          0       3362   usbh_pipes.o

    ----------------------------------------------------------------------
     13198        380        500         48       3184     531333   Object Totals
         0          0         32          0          0          0   (incl. Generated)
        26          0          0          2          4          0   (incl. Padding)

    ----------------------------------------------------------------------

      Code (inc. data)   RO Data    RW Data    ZI Data      Debug   Library Member Name

         0          0          0          0          0          0   entry.o
         0          0          0          0          0          0   entry10a.o
         0          0          0          0          0          0   entry11a.o
         8          4          0          0          0          0   entry2.o
         4          0          0          0          0          0   entry5.o
         0          0          0          0          0          0   entry7b.o
         0          0          0          0          0          0   entry8b.o
         8          4          0          0          0          0   entry9a.o
        30          0          0          0          0          0   handlers.o
        36          8          0          0          0         68   init.o
       188         20          0          0          0        160   malloc.o
        36          0          0          0          0         68   memcpya.o
        36          0          0          0          0        108   memseta.o
         0          0          0          8          0          0   mvars.o

    ----------------------------------------------------------------------
       346         36          0          8          0        404   Library Totals
         0          0          0          0          0          0   (incl. Padding)

    ----------------------------------------------------------------------

      Code (inc. data)   RO Data    RW Data    ZI Data      Debug   Library Name

       346         36          0          8          0        404   mc_w.l

    ----------------------------------------------------------------------
       346         36          0          8          0        404   Library Totals

    ----------------------------------------------------------------------

==============================================================================


      Code (inc. data)   RO Data    RW Data    ZI Data      Debug   

     13544        416        500         56       3184     517285   Grand Totals
     13544        416        500         56       3184     517285   ELF Image Totals
     13544        416        500         56          0          0   ROM Totals

==============================================================================

    Total RO  Size (Code + RO Data)                14044 (  13.71kB)
    Total RW  Size (RW Data + ZI Data)              3240 (   3.16kB)
    Total ROM Size (Code + RO Data + RW Data)      14100 (  13.77kB)

==============================================================================

